Archive member included to satisfy reference by file (symbol)

C:/Program Files/SEGGER/SEGGER Embedded Studio for ARM 5.10/lib/libc_v7em_fpv4_sp_d16_hard_t_le_eabi.a(libc2.o)
                              Output/Release/Obj/radio_test_pca10100/fnmatch.o (isupper)
C:/Program Files/SEGGER/SEGGER Embedded Studio for ARM 5.10/lib/libc_v7em_fpv4_sp_d16_hard_t_le_eabi.a(libc2_asm.o)
                              Output/Release/Obj/radio_test_pca10100/nrf_log_frontend.o (memcpy)
C:/Program Files/SEGGER/SEGGER Embedded Studio for ARM 5.10/lib/libc_v7em_fpv4_sp_d16_hard_t_le_eabi.a(libvfprintf.o)
                              (__vfprintf_long)
C:/Program Files/SEGGER/SEGGER Embedded Studio for ARM 5.10/lib/libc_v7em_fpv4_sp_d16_hard_t_le_eabi.a(libvfscanf.o)
                              (__vfscanf_long)
C:/Program Files/SEGGER/SEGGER Embedded Studio for ARM 5.10/lib/libc_v7em_fpv4_sp_d16_hard_t_le_eabi.a(libc.o)
                              C:/Program Files/SEGGER/SEGGER Embedded Studio for ARM 5.10/lib/libc_v7em_fpv4_sp_d16_hard_t_le_eabi.a(libc2.o) (__heap_lock)
C:/Program Files/SEGGER/SEGGER Embedded Studio for ARM 5.10/lib/libc_v7em_fpv4_sp_d16_hard_t_le_eabi.a(libc_asm.o)
                              C:/Program Files/SEGGER/SEGGER Embedded Studio for ARM 5.10/lib/libc_v7em_fpv4_sp_d16_hard_t_le_eabi.a(libc2.o) (__aeabi_uldivmod)
C:/Program Files/SEGGER/SEGGER Embedded Studio for ARM 5.10/lib/libdebugio_v7em_fpv4_sp_d16_hard_t_le_eabi.a(libdebugio.o)
                              Output/Release/Obj/radio_test_pca10100/thumb_crt0.o (debug_fopen)
C:/Program Files/SEGGER/SEGGER Embedded Studio for ARM 5.10/lib/libdebugio_v7em_fpv4_sp_d16_hard_t_le_eabi.a(do_nv_debug_operation.o)
                              C:/Program Files/SEGGER/SEGGER Embedded Studio for ARM 5.10/lib/libdebugio_v7em_fpv4_sp_d16_hard_t_le_eabi.a(libdebugio.o) (__do_nvdebug_operation)
C:/Program Files/SEGGER/SEGGER Embedded Studio for ARM 5.10/lib/libdebugio_v7em_fpv4_sp_d16_hard_t_le_eabi.a(mempoll_debug_operations.o)
                              (__do_debug_operation_mempoll)
C:/Program Files/SEGGER/SEGGER Embedded Studio for ARM 5.10/lib/libm_v7em_fpv4_sp_d16_hard_t_le_eabi.a(libm_asm.o)
                              C:/Program Files/SEGGER/SEGGER Embedded Studio for ARM 5.10/lib/libc_v7em_fpv4_sp_d16_hard_t_le_eabi.a(libc2.o) (__aeabi_dadd)
C:/Program Files/SEGGER/SEGGER Embedded Studio for ARM 5.10/lib/libm_v7em_fpv4_sp_d16_hard_t_le_eabi.a(libm2.o)
                              C:/Program Files/SEGGER/SEGGER Embedded Studio for ARM 5.10/lib/libc_v7em_fpv4_sp_d16_hard_t_le_eabi.a(libvfprintf.o) (frexp)

Discarded input sections

 .text          0x0000000000000000        0x0 Output/Release/Obj/radio_test_pca10100/thumb_crt0.o
 .data          0x0000000000000000        0x0 Output/Release/Obj/radio_test_pca10100/thumb_crt0.o
 .bss           0x0000000000000000        0x0 Output/Release/Obj/radio_test_pca10100/thumb_crt0.o
 .text.abort    0x0000000000000000        0x2 Output/Release/Obj/radio_test_pca10100/thumb_crt0.o
 .text.__assert
                0x0000000000000000        0x2 Output/Release/Obj/radio_test_pca10100/thumb_crt0.o
 .text.__assert_func
                0x0000000000000000        0x2 Output/Release/Obj/radio_test_pca10100/thumb_crt0.o
 .text.__aeabi_assert
                0x0000000000000000        0x2 Output/Release/Obj/radio_test_pca10100/thumb_crt0.o
 .text.__sync_synchronize
                0x0000000000000000        0x2 Output/Release/Obj/radio_test_pca10100/thumb_crt0.o
 .text.__getchar
                0x0000000000000000        0x4 Output/Release/Obj/radio_test_pca10100/thumb_crt0.o
 .text.__putchar
                0x0000000000000000        0x4 Output/Release/Obj/radio_test_pca10100/thumb_crt0.o
 .text.__open   0x0000000000000000        0x4 Output/Release/Obj/radio_test_pca10100/thumb_crt0.o
 .text.__close  0x0000000000000000        0x4 Output/Release/Obj/radio_test_pca10100/thumb_crt0.o
 .text.__write  0x0000000000000000        0xa Output/Release/Obj/radio_test_pca10100/thumb_crt0.o
 .text.__read   0x0000000000000000        0xa Output/Release/Obj/radio_test_pca10100/thumb_crt0.o
 .text.__seek   0x0000000000000000       0x1a Output/Release/Obj/radio_test_pca10100/thumb_crt0.o
 .bss.__user_locale_name_buffer
                0x0000000000000000        0x4 Output/Release/Obj/radio_test_pca10100/thumb_crt0.o
 .stack         0x0000000000000000        0x0 Output/Release/Obj/radio_test_pca10100/thumb_crt0.o
 .stack_process
                0x0000000000000000        0x0 Output/Release/Obj/radio_test_pca10100/thumb_crt0.o
 .heap          0x0000000000000000        0x0 Output/Release/Obj/radio_test_pca10100/thumb_crt0.o
 .group         0x0000000000000000        0xc Output/Release/Obj/radio_test_pca10100/nrf_log_backend_rtt.o
 .group         0x0000000000000000        0xc Output/Release/Obj/radio_test_pca10100/nrf_log_backend_rtt.o
 .group         0x0000000000000000        0xc Output/Release/Obj/radio_test_pca10100/nrf_log_backend_rtt.o
[...]
Memory Configuration

Name             Origin             Length             Attributes
UNPLACED_SECTIONS 0x0000000100000000 0x0000000000000000 xw
RAM              0x0000000020000000 0x0000000000020000 xw
FLASH            0x0000000000000000 0x0000000000080000 xw
*default*        0x0000000000000000 0xffffffffffffffff

Linker script and memory map

                0x0000000020000000                __RAM_segment_start__ = 0x20000000
                0x0000000020020000                __RAM_segment_end__ = 0x20020000
                0x0000000000020000                __RAM_segment_size__ = 0x20000
                0x0000000000000000                __FLASH_segment_start__ = 0x0
                0x0000000000080000                __FLASH_segment_end__ = 0x80000
                0x0000000000080000                __FLASH_segment_size__ = 0x80000
                0x0000000000002000                __HEAPSIZE__ = 0x2000
                0x0000000000000000                __STACKSIZE_PROCESS__ = 0x0
                0x0000000000002000                __STACKSIZE__ = 0x2000
                0x0000000000000000                __do_debug_operation = __do_debug_operation_mempoll
                0x00000000000060d4                __vfprintf = __vfprintf_long
                0x0000000000000000                __vfscanf = __vfscanf_long
                0x0000000020000000                __vectors_ram_load_start__ = 0x20000000

.vectors_ram    0x0000000020000000        0x0
                0x0000000020000000                __vectors_ram_start__ = .
                0x0000000020000000                __app_ram_start__ = __vectors_ram_start__
 *(.vectors_ram .vectors_ram.*)
                0x0000000020000000                __vectors_ram_end__ = (__vectors_ram_start__ + SIZEOF (.vectors_ram))
                0x0000000000000000                __vectors_ram_size__ = SIZEOF (.vectors_ram)
                0x0000000020000000                __vectors_ram_load_end__ = __vectors_ram_end__
                0x0000000000000001                . = ASSERT (((__vectors_ram_start__ == __vectors_ram_end__) || ((__vectors_ram_end__ - __RAM_segment_start__) <= __RAM_segment_size__)), error: .vectors_ram is too large to fit in RAM memory segment)
                0x0000000020000000                __nrf_sections_run_load_start__ = ALIGN (__vectors_ram_end__, 0x4)

.nrf_sections_run
                0x0000000020000000        0x0
                0x0000000020000000                __nrf_sections_run_start__ = .
                0x0000000020000000                __start_nrf_sections_run = __nrf_sections_run_start__
 *(.nrf_sections_run .nrf_sections_run.*)
                0x0000000020000000                __nrf_sections_run_end__ = (__nrf_sections_run_start__ + SIZEOF (.nrf_sections_run))
                0x0000000000000000                __nrf_sections_run_size__ = SIZEOF (.nrf_sections_run)
                0x0000000020000000                __nrf_sections_run_load_end__ = __nrf_sections_run_end__
                0x0000000000000001                . = ASSERT (((__nrf_sections_run_start__ == __nrf_sections_run_end__) || ((__nrf_sections_run_end__ - __RAM_segment_start__) <= __RAM_segment_size__)), error: .nrf_sections_run is too large to fit in RAM memory segment)
                0x0000000000000000                __vectors_load_start__ = 0x0

.vectors        0x0000000000000000      0x200
                0x0000000000000000                __vectors_start__ = .
 *(.vectors .vectors.*)
 .vectors       0x0000000000000000      0x200 Output/Release/Obj/radio_test_pca10100/ses_startup_nrf52833.o
                0x0000000000000000                _vectors
                0x0000000000000200                __vectors_end__ = (__vectors_start__ + SIZEOF (.vectors))
                0x0000000000000200                __vectors_size__ = SIZEOF (.vectors)
                0x0000000000000200                __vectors_load_end__ = __vectors_end__
                0x0000000000000001                . = ASSERT (((__vectors_start__ == __vectors_end__) || ((__vectors_end__ - __FLASH_segment_start__) <= __FLASH_segment_size__)), error: .vectors is too large to fit in FLASH memory segment)
                0x0000000000000200                __init_load_start__ = ALIGN (__vectors_end__, 0x4)

.init           0x0000000000000200      0x1d0
                0x0000000000000200                __init_start__ = .
 *(.init .init.*)
 .init          0x0000000000000200      0x15c Output/Release/Obj/radio_test_pca10100/thumb_crt0.o
                0x0000000000000200                _start
                0x00000000000002b4                exit
 .init          0x000000000000035c       0x18 Output/Release/Obj/radio_test_pca10100/ses_startup_nrf52833.o
                0x000000000000035c                NMI_Handler
                0x000000000000035e                HardFault_Handler
                0x0000000000000360                MemoryManagement_Handler
                0x0000000000000362                BusFault_Handler
                0x0000000000000364                UsageFault_Handler
                0x0000000000000366                SVC_Handler
                0x0000000000000368                DebugMon_Handler
                0x000000000000036a                PendSV_Handler
                0x000000000000036c                SysTick_Handler
                0x000000000000036e                PWM1_IRQHandler
                0x000000000000036e                GPIOTE_IRQHandler
                0x000000000000036e                SWI0_EGU0_IRQHandler
                0x000000000000036e                PDM_IRQHandler
                0x000000000000036e                TEMP_IRQHandler
                0x000000000000036e                QDEC_IRQHandler
                0x000000000000036e                TIMER3_IRQHandler
                0x000000000000036e                PWM3_IRQHandler
                0x000000000000036e                RTC0_IRQHandler
                0x000000000000036e                USBD_IRQHandler
                0x000000000000036e                SPIM0_SPIS0_TWIM0_TWIS0_SPI0_TWI0_IRQHandler
                0x000000000000036e                SWI2_EGU2_IRQHandler
                0x000000000000036e                TIMER4_IRQHandler
                0x000000000000036e                I2S_IRQHandler
                0x000000000000036e                SWI4_EGU4_IRQHandler
                0x000000000000036e                UARTE1_IRQHandler
                0x000000000000036e                Dummy_Handler
                0x000000000000036e                TIMER1_IRQHandler
                0x000000000000036e                SPIM3_IRQHandler
                0x000000000000036e                PWM2_IRQHandler
                0x000000000000036e                ECB_IRQHandler
                0x000000000000036e                SPIM1_SPIS1_TWIM1_TWIS1_SPI1_TWI1_IRQHandler
                0x000000000000036e                SAADC_IRQHandler
                0x000000000000036e                CCM_AAR_IRQHandler
                0x000000000000036e                WDT_IRQHandler
                0x000000000000036e                FPU_IRQHandler
                0x000000000000036e                SWI5_EGU5_IRQHandler
                0x000000000000036e                RNG_IRQHandler
                0x000000000000036e                RTC2_IRQHandler
                0x000000000000036e                PWM0_IRQHandler
                0x000000000000036e                SWI3_EGU3_IRQHandler
                0x000000000000036e                SWI1_EGU1_IRQHandler
                0x000000000000036e                SPIM2_SPIS2_SPI2_IRQHandler
                0x000000000000036e                NFCT_IRQHandler
                0x000000000000036e                TIMER2_IRQHandler
                0x000000000000036e                MWU_IRQHandler
                0x000000000000036e                COMP_LPCOMP_IRQHandler
                0x0000000000000370                nRFInitialize
 .init          0x0000000000000374       0x5c Output/Release/Obj/radio_test_pca10100/ses_startup_nrf_common.o
                0x0000000000000374                Reset_Handler
                0x0000000000000378                afterInitialize
                0x000000000000039c                InitializeUserMemorySections
                0x00000000000003d0                __init_end__ = (__init_start__ + SIZEOF (.init))
                0x00000000000001d0                __init_size__ = SIZEOF (.init)
                0x00000000000003d0                __init_load_end__ = __init_end__
                0x0000000000000001                . = ASSERT (((__init_start__ == __init_end__) || ((__init_end__ - __FLASH_segment_start__) <= __FLASH_segment_size__)), error: .init is too large to fit in FLASH memory segment)
                0x00000000000003d0                __init_rodata_load_start__ = ALIGN (__init_end__, 0x4)

.init_rodata    0x00000000000003d0        0x0
                0x00000000000003d0                __init_rodata_start__ = .
 *(.init_rodata .init_rodata.*)
                0x00000000000003d0                __init_rodata_end__ = (__init_rodata_start__ + SIZEOF (.init_rodata))
                0x0000000000000000                __init_rodata_size__ = SIZEOF (.init_rodata)
                0x00000000000003d0                __init_rodata_load_end__ = __init_rodata_end__
                0x0000000000000001                . = ASSERT (((__init_rodata_start__ == __init_rodata_end__) || ((__init_rodata_end__ - __FLASH_segment_start__) <= __FLASH_segment_size__)), error: .init_rodata is too large to fit in FLASH memory segment)
                0x00000000000003d0                __text_load_start__ = ALIGN (__init_rodata_end__, 0x4)

.text           0x00000000000003d0     0x6338
                0x00000000000003d0                __text_start__ = .
 *(.text .text.* .glue_7t .glue_7 .gnu.linkonce.t.* .gcc_except_table .ARM.extab* .gnu.linkonce.armextab.*)
 .glue_7        0x00000000000003d0        0x0 linker stubs
 .glue_7t       0x00000000000003d0        0x0 linker stubs
 .text.__aeabi_read_tp
                0x00000000000003d0        0x8 Output/Release/Obj/radio_test_pca10100/thumb_crt0.o
                0x00000000000003d0                __aeabi_read_tp
 .text.nrf_log_backend_serial_put
                0x00000000000003d8       0xc2 Output/Release/Obj/radio_test_pca10100/nrf_log_backend_serial.o
                0x00000000000003d8                nrf_log_backend_serial_put
 *fill*         0x000000000000049a        0x2 
 .text.uart_evt_handler
                0x000000000000049c        0xc Output/Release/Obj/radio_test_pca10100/nrf_log_backend_uart.o
 .text.nrf_log_backend_uart_flush
                0x00000000000004a8        0x2 Output/Release/Obj/radio_test_pca10100/nrf_log_backend_uart.o
 *fill*         0x00000000000004aa        0x2 
 .text.uart_init
                0x00000000000004ac       0x5c Output/Release/Obj/radio_test_pca10100/nrf_log_backend_uart.o
 .text.nrf_log_backend_uart_put
                0x0000000000000508       0x1c Output/Release/Obj/radio_test_pca10100/nrf_log_backend_uart.o
 .text.serial_tx
                0x0000000000000524       0x48 Output/Release/Obj/radio_test_pca10100/nrf_log_backend_uart.o
 .text.nrf_log_backend_uart_panic_set
                0x000000000000056c       0x2c Output/Release/Obj/radio_test_pca10100/nrf_log_backend_uart.o
 .text.severity_lvl_get
                0x0000000000000598       0x24 Output/Release/Obj/radio_test_pca10100/nrf_log_frontend.o
 .text.log_halt
                0x00000000000005bc        0x8 Output/Release/Obj/radio_test_pca10100/nrf_log_frontend.o
 .text.log_self_halt
                0x00000000000005c4        0xa Output/Release/Obj/radio_test_pca10100/nrf_log_frontend.o
 .text.log_go   0x00000000000005ce        0x8 Output/Release/Obj/radio_test_pca10100/nrf_log_frontend.o
 .text.log_self_go
                0x00000000000005d6        0xa Output/Release/Obj/radio_test_pca10100/nrf_log_frontend.o
 .text.backend_name_get
                0x00000000000005e0       0x44 Output/Release/Obj/radio_test_pca10100/nrf_log_frontend.o
 .text.nrf_cli_backend_cmd_execute
                0x0000000000000624       0x68 Output/Release/Obj/radio_test_pca10100/nrf_log_frontend.o
 .text.log_backend_status
                0x000000000000068c        0xc Output/Release/Obj/radio_test_pca10100/nrf_log_frontend.o
 .text.log_backend_halt
                0x0000000000000698        0xc Output/Release/Obj/radio_test_pca10100/nrf_log_frontend.o
 .text.log_backend_go
                0x00000000000006a4        0xc Output/Release/Obj/radio_test_pca10100/nrf_log_frontend.o
 .text.log_backend_ctrl
                0x00000000000006b0        0xc Output/Release/Obj/radio_test_pca10100/nrf_log_frontend.o
 .text.invalid_packets_omit
                0x00000000000006bc       0x3a Output/Release/Obj/radio_test_pca10100/nrf_log_frontend.o
 *fill*         0x00000000000006f6        0x2 
 .text.buf_prealloc
                0x00000000000006f8      0x118 Output/Release/Obj/radio_test_pca10100/nrf_log_frontend.o
 .text.log_cmd  0x0000000000000810       0x44 Output/Release/Obj/radio_test_pca10100/nrf_log_frontend.o
 .text.log_cmd_backends_list
                0x0000000000000854       0x8c Output/Release/Obj/radio_test_pca10100/nrf_log_frontend.o
 .text.module_idx_get.part.0
                0x00000000000008e0       0x38 Output/Release/Obj/radio_test_pca10100/nrf_log_frontend.o
 .text.log_config_load_cmd
                0x0000000000000918       0x20 Output/Release/Obj/radio_test_pca10100/nrf_log_frontend.o
 .text.log_config_store_cmd
                0x0000000000000938       0x20 Output/Release/Obj/radio_test_pca10100/nrf_log_frontend.o
 .text.nrf_log_module_name_get
                0x0000000000000958       0x28 Output/Release/Obj/radio_test_pca10100/nrf_log_frontend.o
                0x0000000000000958                nrf_log_module_name_get
 .text.module_name_get
                0x0000000000000980       0x1c Output/Release/Obj/radio_test_pca10100/nrf_log_frontend.o
 .text.nrf_log_color_id_get
                0x000000000000099c       0x2c Output/Release/Obj/radio_test_pca10100/nrf_log_frontend.o
                0x000000000000099c                nrf_log_color_id_get
 .text.nrf_log_module_filter_set
                0x00000000000009c8       0x54 Output/Release/Obj/radio_test_pca10100/nrf_log_frontend.o
                0x00000000000009c8                nrf_log_module_filter_set
 .text.log_ctrl
                0x0000000000000a1c      0x170 Output/Release/Obj/radio_test_pca10100/nrf_log_frontend.o
 .text.log_self_ctrl
                0x0000000000000b8c        0xa Output/Release/Obj/radio_test_pca10100/nrf_log_frontend.o
 *fill*         0x0000000000000b96        0x2 
 .text.nrf_log_module_filter_get
                0x0000000000000b98       0x58 Output/Release/Obj/radio_test_pca10100/nrf_log_frontend.o
                0x0000000000000b98                nrf_log_module_filter_get
 .text.log_status
                0x0000000000000bf0       0xd0 Output/Release/Obj/radio_test_pca10100/nrf_log_frontend.o
 .text.log_self_status
                0x0000000000000cc0        0xa Output/Release/Obj/radio_test_pca10100/nrf_log_frontend.o
 *fill*         0x0000000000000cca        0x2 
 .text.buffer_is_empty
                0x0000000000000ccc       0x14 Output/Release/Obj/radio_test_pca10100/nrf_log_frontend.o
                0x0000000000000ccc                buffer_is_empty
 .text.nrf_log_frontend_dequeue
                0x0000000000000ce0      0x240 Output/Release/Obj/radio_test_pca10100/nrf_log_frontend.o
                0x0000000000000ce0                nrf_log_frontend_dequeue
 .text.std_n    0x0000000000000f20       0x8c Output/Release/Obj/radio_test_pca10100/nrf_log_frontend.o
 .text.nrf_log_frontend_std_0
                0x0000000000000fac        0x8 Output/Release/Obj/radio_test_pca10100/nrf_log_frontend.o
                0x0000000000000fac                nrf_log_frontend_std_0
 .text.nrf_log_panic
                0x0000000000000fb4       0x28 Output/Release/Obj/radio_test_pca10100/nrf_log_frontend.o
                0x0000000000000fb4                nrf_log_panic
 .text.postfix_process
                0x0000000000000fdc       0x44 Output/Release/Obj/radio_test_pca10100/nrf_log_str_formatter.o
 .text.prefix_process
                0x0000000000001020       0x7c Output/Release/Obj/radio_test_pca10100/nrf_log_str_formatter.o
 .text.nrf_log_std_entry_process
                0x000000000000109c       0xc8 Output/Release/Obj/radio_test_pca10100/nrf_log_str_formatter.o
                0x000000000000109c                nrf_log_std_entry_process
 .text.nrf_log_hexdump_entry_process
                0x0000000000001164       0xb8 Output/Release/Obj/radio_test_pca10100/nrf_log_str_formatter.o
                0x0000000000001164                nrf_log_hexdump_entry_process
 .text.bsp_board_led_on
                0x000000000000121c       0x28 Output/Release/Obj/radio_test_pca10100/boards.o
                0x000000000000121c                bsp_board_led_on
 .text.bsp_board_led_off
                0x0000000000001244       0x28 Output/Release/Obj/radio_test_pca10100/boards.o
                0x0000000000001244                bsp_board_led_off
 .text.bsp_board_leds_off
                0x000000000000126c       0x1e Output/Release/Obj/radio_test_pca10100/boards.o
                0x000000000000126c                bsp_board_leds_off
 .text.bsp_board_init
                0x000000000000128a       0x3e Output/Release/Obj/radio_test_pca10100/boards.o
                0x000000000000128a                bsp_board_init
 .text.app_error_handler_bare
                0x00000000000012c8       0x1a Output/Release/Obj/radio_test_pca10100/app_error.o
                0x00000000000012c8                app_error_handler_bare
 *fill*         0x00000000000012e2        0x2 
 .text.app_error_fault_handler
                0x00000000000012e4       0x88 Output/Release/Obj/radio_test_pca10100/app_error_weak.o
                0x00000000000012e4                app_error_fault_handler
 .text.compare_func
                0x000000000000136c       0x16 Output/Release/Obj/radio_test_pca10100/app_timer2.o
 *fill*         0x0000000000001382        0x2 
 .text.get_now  0x0000000000001384       0x3c Output/Release/Obj/radio_test_pca10100/app_timer2.o
 .text.timer_expire
                0x00000000000013c0       0x70 Output/Release/Obj/radio_test_pca10100/app_timer2.o
 .text.app_timer_init
                0x0000000000001430       0x64 Output/Release/Obj/radio_test_pca10100/app_timer2.o
                0x0000000000001430                app_timer_init
 .text.app_timer_cnt_get
                0x0000000000001494        0xc Output/Release/Obj/radio_test_pca10100/app_timer2.o
                0x0000000000001494                app_timer_cnt_get
 .text.rtc_irq  0x00000000000014a0      0x1a0 Output/Release/Obj/radio_test_pca10100/app_timer2.o
 .text.app_util_disable_irq
                0x0000000000001640       0x10 Output/Release/Obj/radio_test_pca10100/app_util_platform.o
                0x0000000000001640                app_util_disable_irq
 .text.app_util_enable_irq
                0x0000000000001650       0x14 Output/Release/Obj/radio_test_pca10100/app_util_platform.o
                0x0000000000001650                app_util_enable_irq
 .text.app_util_critical_region_enter
                0x0000000000001664        0x4 Output/Release/Obj/radio_test_pca10100/app_util_platform.o
                0x0000000000001664                app_util_critical_region_enter
 .text.app_util_critical_region_exit
                0x0000000000001668        0x4 Output/Release/Obj/radio_test_pca10100/app_util_platform.o
                0x0000000000001668                app_util_critical_region_exit
 .text.evt_pending.isra.0
                0x000000000000166c       0x1a Output/Release/Obj/radio_test_pca10100/drv_rtc.o
 *fill*         0x0000000000001686        0x2 
 .text.drv_rtc_init
                0x0000000000001688       0xc0 Output/Release/Obj/radio_test_pca10100/drv_rtc.o
                0x0000000000001688                drv_rtc_init
 .text.drv_rtc_start
                0x0000000000001748        0x8 Output/Release/Obj/radio_test_pca10100/drv_rtc.o
                0x0000000000001748                drv_rtc_start
 .text.drv_rtc_stop
                0x0000000000001750        0x8 Output/Release/Obj/radio_test_pca10100/drv_rtc.o
                0x0000000000001750                drv_rtc_stop
 .text.drv_rtc_compare_set
                0x0000000000001758       0x3e Output/Release/Obj/radio_test_pca10100/drv_rtc.o
                0x0000000000001758                drv_rtc_compare_set
 *fill*         0x0000000000001796        0x2 
 .text.drv_rtc_windowed_compare_set
                0x0000000000001798       0xf0 Output/Release/Obj/radio_test_pca10100/drv_rtc.o
                0x0000000000001798                drv_rtc_windowed_compare_set
 .text.drv_rtc_overflow_enable
                0x0000000000001888       0x10 Output/Release/Obj/radio_test_pca10100/drv_rtc.o
                0x0000000000001888                drv_rtc_overflow_enable
 .text.drv_rtc_overflow_pending
                0x0000000000001898        0xa Output/Release/Obj/radio_test_pca10100/drv_rtc.o
                0x0000000000001898                drv_rtc_overflow_pending
 .text.drv_rtc_compare_disable
                0x00000000000018a2       0x14 Output/Release/Obj/radio_test_pca10100/drv_rtc.o
                0x00000000000018a2                drv_rtc_compare_disable
 .text.drv_rtc_compare_pending
                0x00000000000018b6        0xc Output/Release/Obj/radio_test_pca10100/drv_rtc.o
                0x00000000000018b6                drv_rtc_compare_pending
 .text.drv_rtc_counter_get
                0x00000000000018c2        0x8 Output/Release/Obj/radio_test_pca10100/drv_rtc.o
                0x00000000000018c2                drv_rtc_counter_get
 *fill*         0x00000000000018ca        0x2 
 .text.RTC1_IRQHandler
                0x00000000000018cc       0x14 Output/Release/Obj/radio_test_pca10100/drv_rtc.o
                0x00000000000018cc                RTC1_IRQHandler
 .text.nrf_atfifo_init
                0x00000000000018e0       0x26 Output/Release/Obj/radio_test_pca10100/nrf_atfifo.o
                0x00000000000018e0                nrf_atfifo_init
 .text.nrf_atfifo_item_get
                0x0000000000001906       0x56 Output/Release/Obj/radio_test_pca10100/nrf_atfifo.o
                0x0000000000001906                nrf_atfifo_item_get
 .text.nrf_atfifo_item_free
                0x000000000000195c       0x20 Output/Release/Obj/radio_test_pca10100/nrf_atfifo.o
                0x000000000000195c                nrf_atfifo_item_free
 .text.nrf_atomic_u32_fetch_store
                0x000000000000197c       0x16 Output/Release/Obj/radio_test_pca10100/nrf_atomic.o
                0x000000000000197c                nrf_atomic_u32_fetch_store
 .text.nrf_atomic_u32_or
                0x0000000000001992       0x18 Output/Release/Obj/radio_test_pca10100/nrf_atomic.o
                0x0000000000001992                nrf_atomic_u32_or
 .text.nrf_atomic_u32_fetch_and
                0x00000000000019aa       0x18 Output/Release/Obj/radio_test_pca10100/nrf_atomic.o
                0x00000000000019aa                nrf_atomic_u32_fetch_and
 .text.nrf_atomic_u32_add
                0x00000000000019c2       0x18 Output/Release/Obj/radio_test_pca10100/nrf_atomic.o
                0x00000000000019c2                nrf_atomic_u32_add
 .text.nrf_atomic_u32_sub
                0x00000000000019da       0x18 Output/Release/Obj/radio_test_pca10100/nrf_atomic.o
                0x00000000000019da                nrf_atomic_u32_sub
 .text.nrf_atomic_flag_set
                0x00000000000019f2        0x6 Output/Release/Obj/radio_test_pca10100/nrf_atomic.o
                0x00000000000019f2                nrf_atomic_flag_set
 .text.nrf_atomic_flag_clear_fetch
                0x00000000000019f8        0x6 Output/Release/Obj/radio_test_pca10100/nrf_atomic.o
                0x00000000000019f8                nrf_atomic_flag_clear_fetch
 *fill*         0x00000000000019fe        0x2 
 .text.nrf_balloc_status
                0x0000000000001a00       0xb4 Output/Release/Obj/radio_test_pca10100/nrf_balloc.o
 .text.nrf_balloc_alloc
                0x0000000000001ab4       0x40 Output/Release/Obj/radio_test_pca10100/nrf_balloc.o
                0x0000000000001ab4                nrf_balloc_alloc
 .text.nrf_balloc_free
                0x0000000000001af4       0x2a Output/Release/Obj/radio_test_pca10100/nrf_balloc.o
                0x0000000000001af4                nrf_balloc_free
 .text.nrf_log_backend_cli_panic_set
                0x0000000000001b1e       0x1e Output/Release/Obj/radio_test_pca10100/nrf_cli.o
 .text.cli_strlen
                0x0000000000001b3c        0x8 Output/Release/Obj/radio_test_pca10100/nrf_cli.o
 .text.multiline_console_data_check
                0x0000000000001b44       0x40 Output/Release/Obj/radio_test_pca10100/nrf_cli.o
 .text.cmd_get  0x0000000000001b84       0x80 Output/Release/Obj/radio_test_pca10100/nrf_cli.o
 .text.vt100_color_set
                0x0000000000001c04       0x48 Output/Release/Obj/radio_test_pca10100/nrf_cli.o
 .text.vt100_bgcolor_set.part.0
                0x0000000000001c4c       0x3c Output/Release/Obj/radio_test_pca10100/nrf_cli.o
 .text.cursor_next_line_move.isra.0
                0x0000000000001c88        0xc Output/Release/Obj/radio_test_pca10100/nrf_cli.o
 .text.cursor_right_move.isra.0.part.0
                0x0000000000001c94       0x10 Output/Release/Obj/radio_test_pca10100/nrf_cli.o
 .text.cursor_right_move.isra.0
                0x0000000000001ca4        0x8 Output/Release/Obj/radio_test_pca10100/nrf_cli.o
 .text.cli_clear_eos.isra.0
                0x0000000000001cac       0x10 Output/Release/Obj/radio_test_pca10100/nrf_cli.o
 .text.cli_write.constprop.0
                0x0000000000001cbc       0x4c Output/Release/Obj/radio_test_pca10100/nrf_cli.o
 .text.format_offset_string_print.constprop.0
                0x0000000000001d08      0x106 Output/Release/Obj/radio_test_pca10100/nrf_cli.o
 *fill*         0x0000000000001e0e        0x2 
 .text.cursor_up_move.isra.0
                0x0000000000001e10       0x14 Output/Release/Obj/radio_test_pca10100/nrf_cli.o
 .text.cursor_left_move.isra.0
                0x0000000000001e24       0x14 Output/Release/Obj/radio_test_pca10100/nrf_cli.o
 .text.cursor_position_get
                0x0000000000001e38      0x11c Output/Release/Obj/radio_test_pca10100/nrf_cli.o
 .text.nrf_cli_fprintf
                0x0000000000001f54       0x68 Output/Release/Obj/radio_test_pca10100/nrf_cli.o
                0x0000000000001f54                nrf_cli_fprintf
 .text.cli_log_entry_process
                0x0000000000001fbc      0x140 Output/Release/Obj/radio_test_pca10100/nrf_cli.o
 .text.nrf_log_backend_cli_flush
                0x00000000000020fc        0xa Output/Release/Obj/radio_test_pca10100/nrf_cli.o
 .text.nrf_log_backend_cli_put
                0x0000000000002106       0x40 Output/Release/Obj/radio_test_pca10100/nrf_cli.o
 *fill*         0x0000000000002146        0x2 
 .text.nrf_cli_help_print
                0x0000000000002148      0x230 Output/Release/Obj/radio_test_pca10100/nrf_cli.o
                0x0000000000002148                nrf_cli_help_print
 .text.nrf_cli_cmd_cli_stats.part.0
                0x0000000000002378        0x8 Output/Release/Obj/radio_test_pca10100/nrf_cli.o
 .text.nrf_cli_cmd_clear
                0x0000000000002380       0x40 Output/Release/Obj/radio_test_pca10100/nrf_cli.o
 .text.nrf_cli_cmd_cli
                0x00000000000023c0       0x24 Output/Release/Obj/radio_test_pca10100/nrf_cli.o
 .text.nrf_cli_build_in_cmd_common_executed.constprop.0
                0x00000000000023e4       0x34 Output/Release/Obj/radio_test_pca10100/nrf_cli.o
 .text.nrf_cli_cmd_colors
                0x0000000000002418       0x40 Output/Release/Obj/radio_test_pca10100/nrf_cli.o
 .text.nrf_cli_cmd_cli_stats
                0x0000000000002458       0x44 Output/Release/Obj/radio_test_pca10100/nrf_cli.o
                0x0000000000002458                nrf_cli_cmd_cli_stats
 .text.nrf_cli_cmd_resize_default
                0x000000000000249c       0x2c Output/Release/Obj/radio_test_pca10100/nrf_cli.o
 .text.nrf_cli_cmd_resize
                0x00000000000024c8       0xb4 Output/Release/Obj/radio_test_pca10100/nrf_cli.o
 .text.nrf_cli_cmd_history
                0x000000000000257c       0x70 Output/Release/Obj/radio_test_pca10100/nrf_cli.o
 .text.nrf_cli_cmd_colors_off
                0x00000000000025ec       0x20 Output/Release/Obj/radio_test_pca10100/nrf_cli.o
 .text.nrf_cli_cmd_colors_on
                0x000000000000260c       0x20 Output/Release/Obj/radio_test_pca10100/nrf_cli.o
 .text.nrf_cli_cmd_echo_off
                0x000000000000262c       0x20 Output/Release/Obj/radio_test_pca10100/nrf_cli.o
 .text.nrf_cli_cmd_echo_on
                0x000000000000264c       0x20 Output/Release/Obj/radio_test_pca10100/nrf_cli.o
 .text.nrf_cli_cmd_echo
                0x000000000000266c       0x68 Output/Release/Obj/radio_test_pca10100/nrf_cli.o
 .text.nrf_cli_cmd_cli_stats_reset
                0x00000000000026d4       0x26 Output/Release/Obj/radio_test_pca10100/nrf_cli.o
                0x00000000000026d4                nrf_cli_cmd_cli_stats_reset
 *fill*         0x00000000000026fa        0x2 
 .text.nrf_cli_cmd_cli_stats_show
                0x00000000000026fc       0x4c Output/Release/Obj/radio_test_pca10100/nrf_cli.o
                0x00000000000026fc                nrf_cli_cmd_cli_stats_show
 .text.nrf_fprintf_buffer_flush
                0x0000000000002748       0x16 Output/Release/Obj/radio_test_pca10100/nrf_fprintf.o
                0x0000000000002748                nrf_fprintf_buffer_flush
 .text.nrf_fprintf
                0x000000000000275e       0x1c Output/Release/Obj/radio_test_pca10100/nrf_fprintf.o
                0x000000000000275e                nrf_fprintf
 .text.buffer_add
                0x000000000000277a       0x2e Output/Release/Obj/radio_test_pca10100/nrf_fprintf_format.o
 .text.unsigned_print
                0x00000000000027a8       0xb4 Output/Release/Obj/radio_test_pca10100/nrf_fprintf_format.o
 .text.nrf_fprintf_fmt
                0x000000000000285c      0x29c Output/Release/Obj/radio_test_pca10100/nrf_fprintf_format.o
                0x000000000000285c                nrf_fprintf_fmt
 .text.memobj_op
                0x0000000000002af8       0x86 Output/Release/Obj/radio_test_pca10100/nrf_memobj.o
 .text.nrf_memobj_free
                0x0000000000002b7e       0x2c Output/Release/Obj/radio_test_pca10100/nrf_memobj.o
                0x0000000000002b7e                nrf_memobj_free
 .text.nrf_memobj_alloc
                0x0000000000002baa       0x5e Output/Release/Obj/radio_test_pca10100/nrf_memobj.o
                0x0000000000002baa                nrf_memobj_alloc
 .text.nrf_memobj_get
                0x0000000000002c08        0x8 Output/Release/Obj/radio_test_pca10100/nrf_memobj.o
                0x0000000000002c08                nrf_memobj_get
 .text.nrf_memobj_put
                0x0000000000002c10       0x1e Output/Release/Obj/radio_test_pca10100/nrf_memobj.o
                0x0000000000002c10                nrf_memobj_put
 .text.nrf_memobj_write
                0x0000000000002c2e       0x14 Output/Release/Obj/radio_test_pca10100/nrf_memobj.o
                0x0000000000002c2e                nrf_memobj_write
 .text.nrf_memobj_read
                0x0000000000002c42       0x14 Output/Release/Obj/radio_test_pca10100/nrf_memobj.o
                0x0000000000002c42                nrf_memobj_read
 .text.queue_utilization_get
                0x0000000000002c56       0x18 Output/Release/Obj/radio_test_pca10100/nrf_queue.o
 .text.nrf_queue_is_full
                0x0000000000002c6e       0x18 Output/Release/Obj/radio_test_pca10100/nrf_queue.o
                0x0000000000002c6e                nrf_queue_is_full
 .text.nrf_queue_push
                0x0000000000002c86       0xa0 Output/Release/Obj/radio_test_pca10100/nrf_queue.o
                0x0000000000002c86                nrf_queue_push
 .text.nrf_queue_utilization_get
                0x0000000000002d26       0x1c Output/Release/Obj/radio_test_pca10100/nrf_queue.o
                0x0000000000002d26                nrf_queue_utilization_get
 *fill*         0x0000000000002d42        0x2 
 .text.nrf_queue_status
                0x0000000000002d44       0xc8 Output/Release/Obj/radio_test_pca10100/nrf_queue.o
 .text.nrf_queue_is_empty
                0x0000000000002e0c        0xe Output/Release/Obj/radio_test_pca10100/nrf_queue.o
                0x0000000000002e0c                nrf_queue_is_empty
 .text.nrf_queue_generic_pop
                0x0000000000002e1a       0x7e Output/Release/Obj/radio_test_pca10100/nrf_queue.o
                0x0000000000002e1a                nrf_queue_generic_pop
 .text.nrf_queue_max_utilization_get
                0x0000000000002e98        0x6 Output/Release/Obj/radio_test_pca10100/nrf_queue.o
                0x0000000000002e98                nrf_queue_max_utilization_get
 .text.nrf_queue_max_utilization_reset
                0x0000000000002e9e        0x8 Output/Release/Obj/radio_test_pca10100/nrf_queue.o
                0x0000000000002e9e                nrf_queue_max_utilization_reset
 .text.nrf_sortlist_add
                0x0000000000002ea6       0x20 Output/Release/Obj/radio_test_pca10100/nrf_sortlist.o
                0x0000000000002ea6                nrf_sortlist_add
 .text.nrf_sortlist_pop
                0x0000000000002ec6        0xc Output/Release/Obj/radio_test_pca10100/nrf_sortlist.o
                0x0000000000002ec6                nrf_sortlist_pop
 .text.nrf_sortlist_peek
                0x0000000000002ed2        0x6 Output/Release/Obj/radio_test_pca10100/nrf_sortlist.o
                0x0000000000002ed2                nrf_sortlist_peek
 .text.nrf_sortlist_remove
                0x0000000000002ed8       0x1a Output/Release/Obj/radio_test_pca10100/nrf_sortlist.o
                0x0000000000002ed8                nrf_sortlist_remove
 *fill*         0x0000000000002ef2        0x2 
 .text.clock_clk_started_notify
                0x0000000000002ef4       0x24 Output/Release/Obj/radio_test_pca10100/nrf_drv_clock.o
 .text.clock_irq_handler
                0x0000000000002f18       0x1c Output/Release/Obj/radio_test_pca10100/nrf_drv_clock.o
 .text.nrf_drv_clock_init
                0x0000000000002f34       0x40 Output/Release/Obj/radio_test_pca10100/nrf_drv_clock.o
                0x0000000000002f34                nrf_drv_clock_init
 .text.uarte_evt_handler
                0x0000000000002f74       0x34 Output/Release/Obj/radio_test_pca10100/nrf_drv_uart.o
 .text.uart_evt_handler
                0x0000000000002fa8       0x34 Output/Release/Obj/radio_test_pca10100/nrf_drv_uart.o
 .text.nrf_drv_uart_init
                0x0000000000002fdc       0x7c Output/Release/Obj/radio_test_pca10100/nrf_drv_uart.o
                0x0000000000002fdc                nrf_drv_uart_init
 .text.nrf_clock_event_clear
                0x0000000000003058       0x14 Output/Release/Obj/radio_test_pca10100/nrfx_clock.o
 .text.nrfx_clock_init
                0x000000000000306c       0x18 Output/Release/Obj/radio_test_pca10100/nrfx_clock.o
                0x000000000000306c                nrfx_clock_init
 .text.nrfx_clock_enable
                0x0000000000003084       0x24 Output/Release/Obj/radio_test_pca10100/nrfx_clock.o
                0x0000000000003084                nrfx_clock_enable
 .text.POWER_CLOCK_IRQHandler
                0x00000000000030a8       0x54 Output/Release/Obj/radio_test_pca10100/nrfx_clock.o
                0x00000000000030a8                POWER_CLOCK_IRQHandler
 .text.UARTE0_UART0_IRQHandler
                0x00000000000030fc        0xc Output/Release/Obj/radio_test_pca10100/nrfx_prs.o
                0x00000000000030fc                UARTE0_UART0_IRQHandler
 .text.nrfx_prs_acquire
                0x0000000000003108       0x38 Output/Release/Obj/radio_test_pca10100/nrfx_prs.o
                0x0000000000003108                nrfx_prs_acquire
 .text.nrfx_prs_release
                0x0000000000003140       0x18 Output/Release/Obj/radio_test_pca10100/nrfx_prs.o
                0x0000000000003140                nrfx_prs_release
 .text.nrfx_timer_enable
                0x0000000000003158       0x1c Output/Release/Obj/radio_test_pca10100/nrfx_timer.o
                0x0000000000003158                nrfx_timer_enable
 .text.nrfx_timer_disable
                0x0000000000003174       0x18 Output/Release/Obj/radio_test_pca10100/nrfx_timer.o
                0x0000000000003174                nrfx_timer_disable
 .text.nrfx_timer_clear
                0x000000000000318c        0x8 Output/Release/Obj/radio_test_pca10100/nrfx_timer.o
                0x000000000000318c                nrfx_timer_clear
 .text.nrfx_timer_compare
                0x0000000000003194       0x32 Output/Release/Obj/radio_test_pca10100/nrfx_timer.o
                0x0000000000003194                nrfx_timer_compare
 .text.nrfx_timer_extended_compare
                0x00000000000031c6       0x2a Output/Release/Obj/radio_test_pca10100/nrfx_timer.o
                0x00000000000031c6                nrfx_timer_extended_compare
 .text.TIMER0_IRQHandler
                0x00000000000031f0       0x54 Output/Release/Obj/radio_test_pca10100/nrfx_timer.o
                0x00000000000031f0                TIMER0_IRQHandler
 .text.nrf_uart_event_clear
                0x0000000000003244       0x10 Output/Release/Obj/radio_test_pca10100/nrfx_uart.o
 .text.tx_byte  0x0000000000003254       0x1e Output/Release/Obj/radio_test_pca10100/nrfx_uart.o
 .text.rx_enable.isra.0
                0x0000000000003272       0x20 Output/Release/Obj/radio_test_pca10100/nrfx_uart.o
 .text.rx_byte  0x0000000000003292       0x2c Output/Release/Obj/radio_test_pca10100/nrfx_uart.o
 *fill*         0x00000000000032be        0x2 
 .text.rx_done_event.constprop.0
                0x00000000000032c0       0x20 Output/Release/Obj/radio_test_pca10100/nrfx_uart.o
 .text.nrfx_uart_0_irq_handler
                0x00000000000032e0      0x13c Output/Release/Obj/radio_test_pca10100/nrfx_uart.o
                0x00000000000032e0                nrfx_uart_0_irq_handler
 .text.nrf_gpio_cfg_default
                0x000000000000341c       0x20 Output/Release/Obj/radio_test_pca10100/nrfx_uart.o
 .text.nrfx_uart_init
                0x000000000000343c      0x1a4 Output/Release/Obj/radio_test_pca10100/nrfx_uart.o
                0x000000000000343c                nrfx_uart_init
 .text.nrfx_uart_uninit
                0x00000000000035e0       0xb8 Output/Release/Obj/radio_test_pca10100/nrfx_uart.o
                0x00000000000035e0                nrfx_uart_uninit
 .text.nrfx_uart_tx
                0x0000000000003698       0x8c Output/Release/Obj/radio_test_pca10100/nrfx_uart.o
                0x0000000000003698                nrfx_uart_tx
 .text.nrfx_uart_tx_in_progress
                0x0000000000003724       0x18 Output/Release/Obj/radio_test_pca10100/nrfx_uart.o
                0x0000000000003724                nrfx_uart_tx_in_progress
 .text.nrfx_uart_rx
                0x000000000000373c       0xf0 Output/Release/Obj/radio_test_pca10100/nrfx_uart.o
                0x000000000000373c                nrfx_uart_rx
 .text.nrfx_uart_rx_ready
                0x000000000000382c        0xe Output/Release/Obj/radio_test_pca10100/nrfx_uart.o
                0x000000000000382c                nrfx_uart_rx_ready
 *fill*         0x000000000000383a        0x2 
 .text.nrfx_uart_rx_enable
                0x000000000000383c       0x2c Output/Release/Obj/radio_test_pca10100/nrfx_uart.o
                0x000000000000383c                nrfx_uart_rx_enable
 .text.nrf_uarte_event_clear
                0x0000000000003868       0x10 Output/Release/Obj/radio_test_pca10100/nrfx_uarte.o
 .text.rx_done_event.constprop.0
                0x0000000000003878       0x20 Output/Release/Obj/radio_test_pca10100/nrfx_uarte.o
 .text.nrf_gpio_cfg_default
                0x0000000000003898       0x20 Output/Release/Obj/radio_test_pca10100/nrfx_uarte.o
 .text.nrfx_uarte_0_irq_handler
                0x00000000000038b8      0x118 Output/Release/Obj/radio_test_pca10100/nrfx_uarte.o
                0x00000000000038b8                nrfx_uarte_0_irq_handler
 .text.nrfx_uarte_init
                0x00000000000039d0      0x1bc Output/Release/Obj/radio_test_pca10100/nrfx_uarte.o
                0x00000000000039d0                nrfx_uarte_init
 .text.nrfx_uarte_uninit
                0x0000000000003b8c      0x108 Output/Release/Obj/radio_test_pca10100/nrfx_uarte.o
                0x0000000000003b8c                nrfx_uarte_uninit
 .text.nrfx_uarte_tx
                0x0000000000003c94       0x90 Output/Release/Obj/radio_test_pca10100/nrfx_uarte.o
                0x0000000000003c94                nrfx_uarte_tx
 .text.startup.main
                0x0000000000003d24      0x1cc Output/Release/Obj/radio_test_pca10100/main.o
                0x0000000000003d24                main
 .text.cmd_ble_ieee
                0x0000000000003ef0       0x1c Output/Release/Obj/radio_test_pca10100/radio_cmd.o
 .text.cmd_ble_lr500kbit
                0x0000000000003f0c       0x1c Output/Release/Obj/radio_test_pca10100/radio_cmd.o
 .text.cmd_ble_lr125kbit
                0x0000000000003f28       0x1c Output/Release/Obj/radio_test_pca10100/radio_cmd.o
 .text.cmd_ble_2mbit
                0x0000000000003f44       0x1c Output/Release/Obj/radio_test_pca10100/radio_cmd.o
 .text.cmd_ble_1mbit
                0x0000000000003f60       0x1c Output/Release/Obj/radio_test_pca10100/radio_cmd.o
 .text.cmd_nrf_2mbit
                0x0000000000003f7c       0x1c Output/Release/Obj/radio_test_pca10100/radio_cmd.o
 .text.cmd_nrf_1mbit
                0x0000000000003f98       0x1c Output/Release/Obj/radio_test_pca10100/radio_cmd.o
 .text.cmd_neg40dbm
                0x0000000000003fb4       0x1c Output/Release/Obj/radio_test_pca10100/radio_cmd.o
 .text.cmd_neg30dbm
                0x0000000000003fd0       0x1c Output/Release/Obj/radio_test_pca10100/radio_cmd.o
 .text.cmd_neg20dbm
                0x0000000000003fec       0x1c Output/Release/Obj/radio_test_pca10100/radio_cmd.o
 .text.cmd_neg16dbm
                0x0000000000004008       0x1c Output/Release/Obj/radio_test_pca10100/radio_cmd.o
 .text.cmd_neg12dbm
                0x0000000000004024       0x1c Output/Release/Obj/radio_test_pca10100/radio_cmd.o
 .text.cmd_neg8dbm
                0x0000000000004040       0x1c Output/Release/Obj/radio_test_pca10100/radio_cmd.o
 .text.cmd_neg4dbm
                0x000000000000405c       0x1c Output/Release/Obj/radio_test_pca10100/radio_cmd.o
 .text.cmd_pos0dbm
                0x0000000000004078       0x1c Output/Release/Obj/radio_test_pca10100/radio_cmd.o
 .text.cmd_pos4dbm
                0x0000000000004094       0x1c Output/Release/Obj/radio_test_pca10100/radio_cmd.o
 .text.cmd_pos3dbm
                0x00000000000040b0       0x1c Output/Release/Obj/radio_test_pca10100/radio_cmd.o
 .text.cmd_pos2dbm
                0x00000000000040cc       0x1c Output/Release/Obj/radio_test_pca10100/radio_cmd.o
 .text.cmd_pos5dbm
                0x00000000000040e8       0x1c Output/Release/Obj/radio_test_pca10100/radio_cmd.o
 .text.cmd_pos6dbm
                0x0000000000004104       0x1c Output/Release/Obj/radio_test_pca10100/radio_cmd.o
 .text.cmd_pos7dbm
                0x0000000000004120       0x1c Output/Release/Obj/radio_test_pca10100/radio_cmd.o
 .text.cmd_pos8dbm
                0x000000000000413c       0x1c Output/Release/Obj/radio_test_pca10100/radio_cmd.o
 .text.cmd_pattern_11001100
                0x0000000000004158       0x1c Output/Release/Obj/radio_test_pca10100/radio_cmd.o
 .text.cmd_pattern_11110000
                0x0000000000004174       0x1c Output/Release/Obj/radio_test_pca10100/radio_cmd.o
 .text.cmd_pattern_random
                0x0000000000004190       0x1c Output/Release/Obj/radio_test_pca10100/radio_cmd.o
 .text.cmd_transmit_pattern_set
                0x00000000000041ac       0x44 Output/Release/Obj/radio_test_pca10100/radio_cmd.o
 .text.ieee_channel_check
                0x00000000000041f0       0x4c Output/Release/Obj/radio_test_pca10100/radio_cmd.o
 .text.cmd_tx_modulated_carrier_start
                0x000000000000423c       0x94 Output/Release/Obj/radio_test_pca10100/radio_cmd.o
 .text.cmd_print
                0x00000000000042d0      0x1a8 Output/Release/Obj/radio_test_pca10100/radio_cmd.o
 .text.cmd_end_channel_set
                0x0000000000004478       0x68 Output/Release/Obj/radio_test_pca10100/radio_cmd.o
 .text.cmd_time_set
                0x00000000000044e0       0x68 Output/Release/Obj/radio_test_pca10100/radio_cmd.o
 .text.cmd_cancel.part.0
                0x0000000000004548        0x8 Output/Release/Obj/radio_test_pca10100/radio_cmd.o
 .text.cmd_cancel
                0x0000000000004550       0x12 Output/Release/Obj/radio_test_pca10100/radio_cmd.o
 *fill*         0x0000000000004562        0x2 
 .text.cmd_tx_carrier_start
                0x0000000000004564       0x6c Output/Release/Obj/radio_test_pca10100/radio_cmd.o
 .text.cmd_duty_cycle_set
                0x00000000000045d0       0xa0 Output/Release/Obj/radio_test_pca10100/radio_cmd.o
 .text.cmd_rx_sweep_start
                0x0000000000004670       0x64 Output/Release/Obj/radio_test_pca10100/radio_cmd.o
 .text.cmd_tx_sweep_start
                0x00000000000046d4       0x64 Output/Release/Obj/radio_test_pca10100/radio_cmd.o
 .text.cmd_rx_start
                0x0000000000004738       0x64 Output/Release/Obj/radio_test_pca10100/radio_cmd.o
 .text.tx_modulated_carrier_end
                0x000000000000479c       0x30 Output/Release/Obj/radio_test_pca10100/radio_cmd.o
 .text.cmd_toggle_dc
                0x00000000000047cc       0x74 Output/Release/Obj/radio_test_pca10100/radio_cmd.o
 .text.cmd_print_payload
                0x0000000000004840       0x6c Output/Release/Obj/radio_test_pca10100/radio_cmd.o
 .text.cmd_start_channel_set
                0x00000000000048ac       0x68 Output/Release/Obj/radio_test_pca10100/radio_cmd.o
 .text.cmd_output_power_set
                0x0000000000004914       0x44 Output/Release/Obj/radio_test_pca10100/radio_cmd.o
 .text.cmd_data_rate_set
                0x0000000000004958       0x44 Output/Release/Obj/radio_test_pca10100/radio_cmd.o
 .text.nrf_radio_event_clear
                0x000000000000499c       0x18 Output/Release/Obj/radio_test_pca10100/radio_test.o
 .text.radio_disable
                0x00000000000049b4       0x40 Output/Release/Obj/radio_test_pca10100/radio_test.o
 .text.radio_config
                0x00000000000049f4      0x148 Output/Release/Obj/radio_test_pca10100/radio_test.o
 .text.radio_sweep_start
                0x0000000000004b3c       0x70 Output/Release/Obj/radio_test_pca10100/radio_test.o
 .text.generate_modulated_rf_packet
                0x0000000000004bac       0x7c Output/Release/Obj/radio_test_pca10100/radio_test.o
 .text.radio_channel_set
                0x0000000000004c28       0x28 Output/Release/Obj/radio_test_pca10100/radio_test.o
 .text.radio_rx
                0x0000000000004c50       0x5c Output/Release/Obj/radio_test_pca10100/radio_test.o
 .text.radio_test_start
                0x0000000000004cac      0x19c Output/Release/Obj/radio_test_pca10100/radio_test.o
                0x0000000000004cac                radio_test_start
 .text.radio_test_cancel
                0x0000000000004e48       0x14 Output/Release/Obj/radio_test_pca10100/radio_test.o
                0x0000000000004e48                radio_test_cancel
 .text.radio_rx_stats_get
                0x0000000000004e5c       0x30 Output/Release/Obj/radio_test_pca10100/radio_test.o
                0x0000000000004e5c                radio_rx_stats_get
 .text.toggle_dcdc_state
                0x0000000000004e8c        0xe Output/Release/Obj/radio_test_pca10100/radio_test.o
                0x0000000000004e8c                toggle_dcdc_state
 *fill*         0x0000000000004e9a        0x2 
 .text.RADIO_IRQHandler
                0x0000000000004e9c       0x5c Output/Release/Obj/radio_test_pca10100/radio_test.o
                0x0000000000004e9c                RADIO_IRQHandler
 .text.nrf52_errata_36
                0x0000000000004ef8       0x3c Output/Release/Obj/radio_test_pca10100/system_nrf52833.o
 .text.SystemInit
                0x0000000000004f34      0x174 Output/Release/Obj/radio_test_pca10100/system_nrf52833.o
                0x0000000000004f34                SystemInit
 .text.assert   0x00000000000050a8        0xc Output/Release/Obj/radio_test_pca10100/led_assert.o
                0x00000000000050a8                assert
 .text.VCOM_init
                0x00000000000050b4       0x34 Output/Release/Obj/radio_test_pca10100/vcom.o
                0x00000000000050b4                VCOM_init
 .text.VCOM_tx  0x00000000000050e8       0x38 Output/Release/Obj/radio_test_pca10100/vcom.o
                0x00000000000050e8                VCOM_tx
 .text.VCOM_rx  0x0000000000005120       0x34 Output/Release/Obj/radio_test_pca10100/vcom.o
                0x0000000000005120                VCOM_rx
 .text.VCOM_readline
                0x0000000000005154       0x34 Output/Release/Obj/radio_test_pca10100/vcom.o
                0x0000000000005154                VCOM_readline
 .text.CTE_init
                0x0000000000005188       0xa4 Output/Release/Obj/radio_test_pca10100/cte.o
                0x0000000000005188                CTE_init
 .text.CTE_transmitPacket
                0x000000000000522c      0x144 Output/Release/Obj/radio_test_pca10100/cte.o
                0x000000000000522c                CTE_transmitPacket
 .text.CTE_receivePacket
                0x0000000000005370      0x150 Output/Release/Obj/radio_test_pca10100/cte.o
                0x0000000000005370                CTE_receivePacket
 .text.CTE_getPacketData
                0x00000000000054c0       0x48 Output/Release/Obj/radio_test_pca10100/cte.o
                0x00000000000054c0                CTE_getPacketData
 .text.CTE_getIqData
                0x0000000000005508       0x4c Output/Release/Obj/radio_test_pca10100/cte.o
                0x0000000000005508                CTE_getIqData
 .text.RC_taskTxEn
                0x0000000000005554        0xc Output/Release/Obj/radio_test_pca10100/radio_config.o
                0x0000000000005554                RC_taskTxEn
 .text.RC_taskRxEn
                0x0000000000005560        0xc Output/Release/Obj/radio_test_pca10100/radio_config.o
                0x0000000000005560                RC_taskRxEn
 .text.RC_taskStart
                0x000000000000556c        0xc Output/Release/Obj/radio_test_pca10100/radio_config.o
                0x000000000000556c                RC_taskStart
 .text.RC_taskDisable
                0x0000000000005578        0xc Output/Release/Obj/radio_test_pca10100/radio_config.o
                0x0000000000005578                RC_taskDisable
 .text.RC_eventAddress
                0x0000000000005584       0x18 Output/Release/Obj/radio_test_pca10100/radio_config.o
                0x0000000000005584                RC_eventAddress
 .text.RC_eventPayload
                0x000000000000559c       0x18 Output/Release/Obj/radio_test_pca10100/radio_config.o
                0x000000000000559c                RC_eventPayload
 .text.RC_eventEnd
                0x00000000000055b4       0x18 Output/Release/Obj/radio_test_pca10100/radio_config.o
                0x00000000000055b4                RC_eventEnd
 .text.RC_eventDisabled
                0x00000000000055cc       0x18 Output/Release/Obj/radio_test_pca10100/radio_config.o
                0x00000000000055cc                RC_eventDisabled
 .text.RC_eventTxReady
                0x00000000000055e4       0x18 Output/Release/Obj/radio_test_pca10100/radio_config.o
                0x00000000000055e4                RC_eventTxReady
 .text.RC_eventRxReady
                0x00000000000055fc       0x18 Output/Release/Obj/radio_test_pca10100/radio_config.o
                0x00000000000055fc                RC_eventRxReady
 .text.RC_eventPhyEnd
                0x0000000000005614       0x18 Output/Release/Obj/radio_test_pca10100/radio_config.o
                0x0000000000005614                RC_eventPhyEnd
 .text.RC_dfeAmount
                0x000000000000562c       0x10 Output/Release/Obj/radio_test_pca10100/radio_config.o
                0x000000000000562c                RC_dfeAmount
 .text.RC_state
                0x000000000000563c       0x10 Output/Release/Obj/radio_test_pca10100/radio_config.o
                0x000000000000563c                RC_state
 .text.RC_reset
                0x000000000000564c       0x14 Output/Release/Obj/radio_test_pca10100/radio_config.o
                0x000000000000564c                RC_reset
 .text.RC_disableInterrupts
                0x0000000000005660       0x18 Output/Release/Obj/radio_test_pca10100/radio_config.o
                0x0000000000005660                RC_disableInterrupts
 .text.RC_crcOk
                0x0000000000005678       0x14 Output/Release/Obj/radio_test_pca10100/radio_config.o
                0x0000000000005678                RC_crcOk
 .text.RC_setPacketPtr
                0x000000000000568c       0x1c Output/Release/Obj/radio_test_pca10100/radio_config.o
                0x000000000000568c                RC_setPacketPtr
 .text.RC_setFrequency
                0x00000000000056a8       0x20 Output/Release/Obj/radio_test_pca10100/radio_config.o
                0x00000000000056a8                RC_setFrequency
 .text.RC_setTxPower
                0x00000000000056c8       0x38 Output/Release/Obj/radio_test_pca10100/radio_config.o
                0x00000000000056c8                RC_setTxPower
 .text.RC_setMode
                0x0000000000005700       0x24 Output/Release/Obj/radio_test_pca10100/radio_config.o
                0x0000000000005700                RC_setMode
 .text.RC_configurePacket
                0x0000000000005724      0x164 Output/Release/Obj/radio_test_pca10100/radio_config.o
                0x0000000000005724                RC_configurePacket
 .text.RC_configureAddress
                0x0000000000005888       0x5c Output/Release/Obj/radio_test_pca10100/radio_config.o
                0x0000000000005888                RC_configureAddress
 .text.RC_configureCrc
                0x00000000000058e4       0x88 Output/Release/Obj/radio_test_pca10100/radio_config.o
                0x00000000000058e4                RC_configureCrc
 .text.RC_configureDfe
                0x000000000000596c      0x23c Output/Release/Obj/radio_test_pca10100/radio_config.o
                0x000000000000596c                RC_configureDfe
 .text.libc.__RAL_ascii_isctype
                0x0000000000005ba8       0x1c C:/Program Files/SEGGER/SEGGER Embedded Studio for ARM 5.10/lib/libc_v7em_fpv4_sp_d16_hard_t_le_eabi.a(libc2.o)
 .text.libc.__RAL_ascii_toupper
                0x0000000000005bc4        0xc C:/Program Files/SEGGER/SEGGER Embedded Studio for ARM 5.10/lib/libc_v7em_fpv4_sp_d16_hard_t_le_eabi.a(libc2.o)
 .text.libc.__RAL_ascii_tolower
                0x0000000000005bd0        0xc C:/Program Files/SEGGER/SEGGER Embedded Studio for ARM 5.10/lib/libc_v7em_fpv4_sp_d16_hard_t_le_eabi.a(libc2.o)
 .text.libc.__RAL_ascii_iswctype
                0x0000000000005bdc       0x1c C:/Program Files/SEGGER/SEGGER Embedded Studio for ARM 5.10/lib/libc_v7em_fpv4_sp_d16_hard_t_le_eabi.a(libc2.o)
 .text.libc.__RAL_ascii_towupper
                0x0000000000005bf8        0xc C:/Program Files/SEGGER/SEGGER Embedded Studio for ARM 5.10/lib/libc_v7em_fpv4_sp_d16_hard_t_le_eabi.a(libc2.o)
 .text.libc.__RAL_ascii_towlower
                0x0000000000005c04        0xc C:/Program Files/SEGGER/SEGGER Embedded Studio for ARM 5.10/lib/libc_v7em_fpv4_sp_d16_hard_t_le_eabi.a(libc2.o)
 .text.libc.__RAL_ascii_wctomb
                0x0000000000005c10        0xe C:/Program Files/SEGGER/SEGGER Embedded Studio for ARM 5.10/lib/libc_v7em_fpv4_sp_d16_hard_t_le_eabi.a(libc2.o)
                0x0000000000005c10                __RAL_ascii_wctomb
 .text.libc.__RAL_ascii_mbtowc
                0x0000000000005c1e       0x24 C:/Program Files/SEGGER/SEGGER Embedded Studio for ARM 5.10/lib/libc_v7em_fpv4_sp_d16_hard_t_le_eabi.a(libc2.o)
                0x0000000000005c1e                __RAL_ascii_mbtowc
 .text.libc.__putc
                0x0000000000005c42       0x34 C:/Program Files/SEGGER/SEGGER Embedded Studio for ARM 5.10/lib/libc_v7em_fpv4_sp_d16_hard_t_le_eabi.a(libc2.o)
                0x0000000000005c42                __putc
 .text.libc.__RAL_print_padding
                0x0000000000005c76       0x1c C:/Program Files/SEGGER/SEGGER Embedded Studio for ARM 5.10/lib/libc_v7em_fpv4_sp_d16_hard_t_le_eabi.a(libc2.o)
                0x0000000000005c76                __RAL_print_padding
 .text.libc.__RAL_pre_padding
                0x0000000000005c92       0x1a C:/Program Files/SEGGER/SEGGER Embedded Studio for ARM 5.10/lib/libc_v7em_fpv4_sp_d16_hard_t_le_eabi.a(libc2.o)
                0x0000000000005c92                __RAL_pre_padding
 .text.libc.__RAL_isctype
                0x0000000000005cac       0x14 C:/Program Files/SEGGER/SEGGER Embedded Studio for ARM 5.10/lib/libc_v7em_fpv4_sp_d16_hard_t_le_eabi.a(libc2.o)
                0x0000000000005cac                __RAL_isctype
 .text.libc.isupper
                0x0000000000005cc0        0xa C:/Program Files/SEGGER/SEGGER Embedded Studio for ARM 5.10/lib/libc_v7em_fpv4_sp_d16_hard_t_le_eabi.a(libc2.o)
                0x0000000000005cc0                isupper
 .text.libc.islower
                0x0000000000005cca        0xa C:/Program Files/SEGGER/SEGGER Embedded Studio for ARM 5.10/lib/libc_v7em_fpv4_sp_d16_hard_t_le_eabi.a(libc2.o)
                0x0000000000005cca                islower
 .text.libc.isdigit
                0x0000000000005cd4        0xa C:/Program Files/SEGGER/SEGGER Embedded Studio for ARM 5.10/lib/libc_v7em_fpv4_sp_d16_hard_t_le_eabi.a(libc2.o)
                0x0000000000005cd4                isdigit
 .text.libc.__digit
                0x0000000000005cde       0x3c C:/Program Files/SEGGER/SEGGER Embedded Studio for ARM 5.10/lib/libc_v7em_fpv4_sp_d16_hard_t_le_eabi.a(libc2.o)
                0x0000000000005cde                __digit
 .text.libc.isspace
                0x0000000000005d1a        0xa C:/Program Files/SEGGER/SEGGER Embedded Studio for ARM 5.10/lib/libc_v7em_fpv4_sp_d16_hard_t_le_eabi.a(libc2.o)
                0x0000000000005d1a                isspace
 .text.libc.isprint
                0x0000000000005d24        0xa C:/Program Files/SEGGER/SEGGER Embedded Studio for ARM 5.10/lib/libc_v7em_fpv4_sp_d16_hard_t_le_eabi.a(libc2.o)
                0x0000000000005d24                isprint
 *fill*         0x0000000000005d2e        0x2 
 .text.libc.__aeabi_errno_addr
                0x0000000000005d30       0x14 C:/Program Files/SEGGER/SEGGER Embedded Studio for ARM 5.10/lib/libc_v7em_fpv4_sp_d16_hard_t_le_eabi.a(libc2.o)
                0x0000000000005d30                __aeabi_errno_addr
 .text.libc.__strtoul
                0x0000000000005d44       0xdc C:/Program Files/SEGGER/SEGGER Embedded Studio for ARM 5.10/lib/libc_v7em_fpv4_sp_d16_hard_t_le_eabi.a(libc2.o)
                0x0000000000005d44                __strtoul
 .text.libc.sprintf
                0x0000000000005e20       0x2a C:/Program Files/SEGGER/SEGGER Embedded Studio for ARM 5.10/lib/libc_v7em_fpv4_sp_d16_hard_t_le_eabi.a(libc2.o)
                0x0000000000005e20                sprintf
 .text.libc.strncmp
                0x0000000000005e4a       0x3a C:/Program Files/SEGGER/SEGGER Embedded Studio for ARM 5.10/lib/libc_v7em_fpv4_sp_d16_hard_t_le_eabi.a(libc2.o)
                0x0000000000005e4a                strncmp
 .text.libc.strnlen
                0x0000000000005e84       0x22 C:/Program Files/SEGGER/SEGGER Embedded Studio for ARM 5.10/lib/libc_v7em_fpv4_sp_d16_hard_t_le_eabi.a(libc2.o)
                0x0000000000005e84                strnlen
 .text.libc.strtol
                0x0000000000005ea6       0xa6 C:/Program Files/SEGGER/SEGGER Embedded Studio for ARM 5.10/lib/libc_v7em_fpv4_sp_d16_hard_t_le_eabi.a(libc2.o)
                0x0000000000005ea6                strtol
 .text.libc.atoi
                0x0000000000005f4c       0x20 C:/Program Files/SEGGER/SEGGER Embedded Studio for ARM 5.10/lib/libc_v7em_fpv4_sp_d16_hard_t_le_eabi.a(libc2.o)
                0x0000000000005f4c                atoi
 .text.libc.memcpy
                0x0000000000005f6c       0x52 C:/Program Files/SEGGER/SEGGER Embedded Studio for ARM 5.10/lib/libc_v7em_fpv4_sp_d16_hard_t_le_eabi.a(libc2_asm.o)
                0x0000000000005f6c                __aeabi_memcpy
                0x0000000000005f6c                memcpy
                0x0000000000005f78                __aeabi_memcpy8
                0x0000000000005f78                __aeabi_memcpy4
 .text.libc.memset
                0x0000000000005fbe       0x66 C:/Program Files/SEGGER/SEGGER Embedded Studio for ARM 5.10/lib/libc_v7em_fpv4_sp_d16_hard_t_le_eabi.a(libc2_asm.o)
                0x0000000000005fbe                memset
 .text.libc.strcmp
                0x0000000000006024       0x4e C:/Program Files/SEGGER/SEGGER Embedded Studio for ARM 5.10/lib/libc_v7em_fpv4_sp_d16_hard_t_le_eabi.a(libc2_asm.o)
                0x0000000000006024                strcmp
 .text.libc.strlen
                0x0000000000006072       0x60 C:/Program Files/SEGGER/SEGGER Embedded Studio for ARM 5.10/lib/libc_v7em_fpv4_sp_d16_hard_t_le_eabi.a(libc2_asm.o)
                0x0000000000006072                strlen
 *fill*         0x00000000000060d2        0x2 
 .text.libc.__vfprintf_long
                0x00000000000060d4      0x634 C:/Program Files/SEGGER/SEGGER Embedded Studio for ARM 5.10/lib/libc_v7em_fpv4_sp_d16_hard_t_le_eabi.a(libvfprintf.o)
                0x00000000000060d4                __vfprintf_long
                0x0000000000006708                __text_end__ = (__text_start__ + SIZEOF (.text))
                0x0000000000006338                __text_size__ = SIZEOF (.text)
                0x0000000000006708                __text_load_end__ = __text_end__

.vfp11_veneer   0x0000000100000000        0x0
 .vfp11_veneer  0x0000000100000000        0x0 linker stubs

.v4_bx          0x0000000100000000        0x0
 .v4_bx         0x0000000100000000        0x0 linker stubs

.iplt           0x0000000100000000        0x0
 .iplt          0x0000000100000000        0x0 Output/Release/Obj/radio_test_pca10100/thumb_crt0.o
                0x0000000000000001                . = ASSERT (((__text_start__ == __text_end__) || ((__text_end__ - __FLASH_segment_start__) <= __FLASH_segment_size__)), error: .text is too large to fit in FLASH memory segment)
                0x0000000000006708                __cli_command_load_start__ = ALIGN (__text_end__, 0x4)

.cli_command    0x0000000000006708       0xb8
                0x0000000000006708                __cli_command_start__ = .
                0x0000000000006708                __start_cli_command = __cli_command_start__
 *(.cli_command*)
 .cli_command   0x0000000000006708        0x8 Output/Release/Obj/radio_test_pca10100/nrf_log_frontend.o
                0x0000000000006708                nrf_cli_log_const
 .cli_command   0x0000000000006710        0x8 Output/Release/Obj/radio_test_pca10100/nrf_balloc.o
                0x0000000000006710                nrf_cli_balloc_const
 .cli_command   0x0000000000006718       0x20 Output/Release/Obj/radio_test_pca10100/nrf_cli.o
                0x0000000000006718                nrf_cli_resize_const
                0x0000000000006720                nrf_cli_history_const
                0x0000000000006728                nrf_cli_cli_const
                0x0000000000006730                nrf_cli_clear_const
 .cli_command   0x0000000000006738        0x8 Output/Release/Obj/radio_test_pca10100/nrf_queue.o
                0x0000000000006738                nrf_cli_queue_const
 .cli_command   0x0000000000006740       0x80 Output/Release/Obj/radio_test_pca10100/radio_cmd.o
                0x0000000000006740                nrf_cli_print_rx_const
                0x0000000000006748                nrf_cli_toggle_dcdc_state_const
                0x0000000000006750                nrf_cli_start_rx_const
                0x0000000000006758                nrf_cli_start_tx_sweep_const
                0x0000000000006760                nrf_cli_start_rx_sweep_const
                0x0000000000006768                nrf_cli_parameters_print_const
                0x0000000000006770                nrf_cli_start_duty_cycle_modulated_tx_const
                0x0000000000006778                nrf_cli_transmit_pattern_const
                0x0000000000006780                nrf_cli_output_power_const
                0x0000000000006788                nrf_cli_start_tx_modulated_carrier_const
                0x0000000000006790                nrf_cli_start_tx_carrier_const
                0x0000000000006798                nrf_cli_data_rate_const
                0x00000000000067a0                nrf_cli_cancel_const
                0x00000000000067a8                nrf_cli_time_on_channel_const
                0x00000000000067b0                nrf_cli_end_channel_const
                0x00000000000067b8                nrf_cli_start_channel_const
                0x00000000000067c0                __cli_command_end__ = (__cli_command_start__ + SIZEOF (.cli_command))
                0x00000000000000b8                __cli_command_size__ = SIZEOF (.cli_command)
                0x00000000000067c0                __stop_cli_command = __cli_command_end__
                0x00000000000067c0                __cli_command_load_end__ = __cli_command_end__
                0x0000000000000001                . = ASSERT (((__cli_command_start__ == __cli_command_end__) || ((__cli_command_end__ - __FLASH_segment_start__) <= __FLASH_segment_size__)), error: .cli_command is too large to fit in FLASH memory segment)
                0x00000000000067c0                __pwr_mgmt_data_load_start__ = ALIGN (__cli_command_end__, 0x4)

.pwr_mgmt_data  0x00000000000067c0        0x0
                0x00000000000067c0                __pwr_mgmt_data_start__ = .
                0x00000000000067c0                __start_pwr_mgmt_data = __pwr_mgmt_data_start__
 *(SORT_BY_NAME(.pwr_mgmt_data*))
                0x00000000000067c0                __pwr_mgmt_data_end__ = (__pwr_mgmt_data_start__ + SIZEOF (.pwr_mgmt_data))
                0x0000000000000000                __pwr_mgmt_data_size__ = SIZEOF (.pwr_mgmt_data)
                0x00000000000067c0                __stop_pwr_mgmt_data = __pwr_mgmt_data_end__
                0x00000000000067c0                __pwr_mgmt_data_load_end__ = __pwr_mgmt_data_end__
                0x0000000000000001                . = ASSERT (((__pwr_mgmt_data_start__ == __pwr_mgmt_data_end__) || ((__pwr_mgmt_data_end__ - __FLASH_segment_start__) <= __FLASH_segment_size__)), error: .pwr_mgmt_data is too large to fit in FLASH memory segment)
                0x00000000000067c0                __nrf_queue_load_start__ = ALIGN (__pwr_mgmt_data_end__, 0x4)

.nrf_queue      0x00000000000067c0       0x1c
                0x00000000000067c0                __nrf_queue_start__ = .
                0x00000000000067c0                __start_nrf_queue = __nrf_queue_start__
 *(.nrf_queue*)
 .nrf_queue     0x00000000000067c0       0x1c Output/Release/Obj/radio_test_pca10100/main.o
                0x00000000000067c0                m_cli_uart_log_backend_queue
                0x00000000000067dc                __nrf_queue_end__ = (__nrf_queue_start__ + SIZEOF (.nrf_queue))
                0x000000000000001c                __nrf_queue_size__ = SIZEOF (.nrf_queue)
                0x00000000000067dc                __stop_nrf_queue = __nrf_queue_end__
                0x00000000000067dc                __nrf_queue_load_end__ = __nrf_queue_end__
                0x0000000000000001                . = ASSERT (((__nrf_queue_start__ == __nrf_queue_end__) || ((__nrf_queue_end__ - __FLASH_segment_start__) <= __FLASH_segment_size__)), error: .nrf_queue is too large to fit in FLASH memory segment)
                0x00000000000067dc                __log_const_data_load_start__ = ALIGN (__nrf_queue_end__, 0x4)

.log_const_data
                0x00000000000067dc       0x80
                0x00000000000067dc                __log_const_data_start__ = .
                0x00000000000067dc                __start_log_const_data = __log_const_data_start__
 *(SORT_BY_NAME(.log_const_data*))
 .log_const_data_CLOCK
                0x00000000000067dc        0x8 Output/Release/Obj/radio_test_pca10100/nrfx_clock.o
                0x00000000000067dc                m_nrf_log_CLOCK_logs_data_const
 .log_const_data_PRS
                0x00000000000067e4        0x8 Output/Release/Obj/radio_test_pca10100/nrfx_prs.o
                0x00000000000067e4                m_nrf_log_PRS_logs_data_const
 .log_const_data_TIMER
                0x00000000000067ec        0x8 Output/Release/Obj/radio_test_pca10100/nrfx_timer.o
                0x00000000000067ec                m_nrf_log_TIMER_logs_data_const
 .log_const_data_UART
                0x00000000000067f4        0x8 Output/Release/Obj/radio_test_pca10100/nrfx_uart.o
                0x00000000000067f4                m_nrf_log_UART_logs_data_const
 .log_const_data_UARTE
                0x00000000000067fc        0x8 Output/Release/Obj/radio_test_pca10100/nrfx_uarte.o
                0x00000000000067fc                m_nrf_log_UARTE_logs_data_const
 .log_const_data_app
                0x0000000000006804        0x8 Output/Release/Obj/radio_test_pca10100/nrf_log_frontend.o
                0x0000000000006804                m_nrf_log_app_logs_data_const
 .log_const_data_app_timer
                0x000000000000680c        0x8 Output/Release/Obj/radio_test_pca10100/app_timer2.o
                0x000000000000680c                m_nrf_log_app_timer_logs_data_const
 .log_const_data_app_timer_m_cli_uart_transport_timer
                0x0000000000006814        0x8 Output/Release/Obj/radio_test_pca10100/main.o
                0x0000000000006814                m_nrf_log_app_timer_m_cli_uart_transport_timer_logs_data_const
 .log_const_data_atfifo_m_req_fifo
                0x000000000000681c        0x8 Output/Release/Obj/radio_test_pca10100/app_timer2.o
                0x000000000000681c                m_nrf_log_atfifo_m_req_fifo_logs_data_const
 .log_const_data_balloc_log_mempool
                0x0000000000006824        0x8 Output/Release/Obj/radio_test_pca10100/nrf_log_frontend.o
                0x0000000000006824                m_nrf_log_balloc_log_mempool_logs_data_const
 .log_const_data_balloc_m_cli_uart_cmd_hist_memobj
                0x000000000000682c        0x8 Output/Release/Obj/radio_test_pca10100/main.o
                0x000000000000682c                m_nrf_log_balloc_m_cli_uart_cmd_hist_memobj_logs_data_const
 .log_const_data_cli_uart
                0x0000000000006834        0x8 Output/Release/Obj/radio_test_pca10100/nrf_cli_uart.o
                0x0000000000006834                m_nrf_log_cli_uart_logs_data_const
 .log_const_data_clock
                0x000000000000683c        0x8 Output/Release/Obj/radio_test_pca10100/nrf_drv_clock.o
                0x000000000000683c                m_nrf_log_clock_logs_data_const
 .log_const_data_pwr_mgmt
                0x0000000000006844        0x8 Output/Release/Obj/radio_test_pca10100/nrf_pwr_mgmt.o
                0x0000000000006844                m_nrf_log_pwr_mgmt_logs_data_const
 .log_const_data_queue_m_cli_uart_log_backend_queue
                0x000000000000684c        0x8 Output/Release/Obj/radio_test_pca10100/main.o
                0x000000000000684c                m_nrf_log_queue_m_cli_uart_log_backend_queue_logs_data_const
 .log_const_data_sortlist
                0x0000000000006854        0x8 Output/Release/Obj/radio_test_pca10100/nrf_sortlist.o
                0x0000000000006854                m_nrf_log_sortlist_logs_data_const
                0x000000000000685c                __log_const_data_end__ = (__log_const_data_start__ + SIZEOF (.log_const_data))
                0x0000000000000080                __log_const_data_size__ = SIZEOF (.log_const_data)
                0x000000000000685c                __stop_log_const_data = __log_const_data_end__
                0x000000000000685c                __log_const_data_load_end__ = __log_const_data_end__
                0x0000000000000001                . = ASSERT (((__log_const_data_start__ == __log_const_data_end__) || ((__log_const_data_end__ - __FLASH_segment_start__) <= __FLASH_segment_size__)), error: .log_const_data is too large to fit in FLASH memory segment)
                0x000000000000685c                __log_backends_load_start__ = ALIGN (__log_const_data_end__, 0x4)

.log_backends   0x000000000000685c       0x20
                0x000000000000685c                __log_backends_start__ = .
                0x000000000000685c                __start_log_backends = __log_backends_start__
 *(SORT_BY_NAME(.log_backends*))
 .log_backends  0x000000000000685c       0x10 Output/Release/Obj/radio_test_pca10100/nrf_log_default_backends.o
 .log_backends  0x000000000000686c       0x10 Output/Release/Obj/radio_test_pca10100/main.o
                0x000000000000687c                __log_backends_end__ = (__log_backends_start__ + SIZEOF (.log_backends))
                0x0000000000000020                __log_backends_size__ = SIZEOF (.log_backends)
                0x000000000000687c                __stop_log_backends = __log_backends_end__
                0x000000000000687c                __log_backends_load_end__ = __log_backends_end__
                0x0000000000000001                . = ASSERT (((__log_backends_start__ == __log_backends_end__) || ((__log_backends_end__ - __FLASH_segment_start__) <= __FLASH_segment_size__)), error: .log_backends is too large to fit in FLASH memory segment)
                0x000000000000687c                __nrf_balloc_load_start__ = ALIGN (__log_backends_end__, 0x4)

.nrf_balloc     0x000000000000687c       0x38
                0x000000000000687c                __nrf_balloc_start__ = .
                0x000000000000687c                __start_nrf_balloc = __nrf_balloc_start__
 *(.nrf_balloc*)
 .nrf_balloc    0x000000000000687c       0x1c Output/Release/Obj/radio_test_pca10100/nrf_log_frontend.o
                0x000000000000687c                log_mempool
 .nrf_balloc    0x0000000000006898       0x1c Output/Release/Obj/radio_test_pca10100/main.o
                0x0000000000006898                m_cli_uart_cmd_hist_memobj
                0x00000000000068b4                __nrf_balloc_end__ = (__nrf_balloc_start__ + SIZEOF (.nrf_balloc))
                0x0000000000000038                __nrf_balloc_size__ = SIZEOF (.nrf_balloc)
                0x00000000000068b4                __stop_nrf_balloc = __nrf_balloc_end__
                0x00000000000068b4                __nrf_balloc_load_end__ = __nrf_balloc_end__
                0x0000000000000001                . = ASSERT (((__nrf_balloc_start__ == __nrf_balloc_end__) || ((__nrf_balloc_end__ - __FLASH_segment_start__) <= __FLASH_segment_size__)), error: .nrf_balloc is too large to fit in FLASH memory segment)
                0x00000000000068b4                __nrf_sections_load_start__ = ALIGN (__nrf_balloc_end__, 0x4)

.nrf_sections   0x00000000000068b4        0x0
                0x00000000000068b4                __nrf_sections_start__ = .
                0x00000000000068b4                __start_nrf_sections = __nrf_sections_start__
 *(.nrf_sections .nrf_sections.*)
                0x00000000000068b4                __nrf_sections_end__ = (__nrf_sections_start__ + SIZEOF (.nrf_sections))
                0x0000000000000000                __nrf_sections_size__ = SIZEOF (.nrf_sections)
                0x00000000000068b4                __nrf_sections_load_end__ = __nrf_sections_end__
                0x0000000000000001                . = ASSERT (((__nrf_sections_start__ == __nrf_sections_end__) || ((__nrf_sections_end__ - __FLASH_segment_start__) <= __FLASH_segment_size__)), error: .nrf_sections is too large to fit in FLASH memory segment)
                0x00000000000068b4                __cli_sorted_cmd_ptrs_load_start__ = ALIGN (__nrf_sections_end__, 0x4)

.cli_sorted_cmd_ptrs
                0x0000000020000000       0x5c load address 0x00000000000068b4
                0x0000000020000000                __cli_sorted_cmd_ptrs_start__ = .
 *(.cli_sorted_cmd_ptrs*)
 .cli_sorted_cmd_ptrs
                0x0000000020000000        0x4 Output/Release/Obj/radio_test_pca10100/nrf_log_frontend.o
                0x0000000020000000                log_str_ptr
 .cli_sorted_cmd_ptrs
                0x0000000020000004        0x4 Output/Release/Obj/radio_test_pca10100/nrf_balloc.o
                0x0000000020000004                balloc_str_ptr
 .cli_sorted_cmd_ptrs
                0x0000000020000008       0x10 Output/Release/Obj/radio_test_pca10100/nrf_cli.o
                0x0000000020000008                resize_str_ptr
                0x000000002000000c                history_str_ptr
                0x0000000020000010                cli_str_ptr
                0x0000000020000014                clear_str_ptr
 .cli_sorted_cmd_ptrs
                0x0000000020000018        0x4 Output/Release/Obj/radio_test_pca10100/nrf_queue.o
                0x0000000020000018                queue_str_ptr
 .cli_sorted_cmd_ptrs
                0x000000002000001c       0x40 Output/Release/Obj/radio_test_pca10100/radio_cmd.o
                0x000000002000001c                print_rx_str_ptr
                0x0000000020000020                toggle_dcdc_state_str_ptr
                0x0000000020000024                start_rx_str_ptr
                0x0000000020000028                start_tx_sweep_str_ptr
                0x000000002000002c                start_rx_sweep_str_ptr
                0x0000000020000030                parameters_print_str_ptr
                0x0000000020000034                start_duty_cycle_modulated_tx_str_ptr
                0x0000000020000038                transmit_pattern_str_ptr
                0x000000002000003c                output_power_str_ptr
                0x0000000020000040                start_tx_modulated_carrier_str_ptr
                0x0000000020000044                start_tx_carrier_str_ptr
                0x0000000020000048                data_rate_str_ptr
                0x000000002000004c                cancel_str_ptr
                0x0000000020000050                time_on_channel_str_ptr
                0x0000000020000054                end_channel_str_ptr
                0x0000000020000058                start_channel_str_ptr
                0x000000002000005c                __cli_sorted_cmd_ptrs_end__ = (__cli_sorted_cmd_ptrs_start__ + SIZEOF (.cli_sorted_cmd_ptrs))
                0x000000000000005c                __cli_sorted_cmd_ptrs_size__ = SIZEOF (.cli_sorted_cmd_ptrs)
                0x0000000000006910                __cli_sorted_cmd_ptrs_load_end__ = (__cli_sorted_cmd_ptrs_load_start__ + SIZEOF (.cli_sorted_cmd_ptrs))
                0x0000000000000001                . = ASSERT (((__cli_sorted_cmd_ptrs_load_start__ == __cli_sorted_cmd_ptrs_load_end__) || ((__cli_sorted_cmd_ptrs_load_end__ - __FLASH_segment_start__) <= __FLASH_segment_size__)), error: .cli_sorted_cmd_ptrs is too large to fit in FLASH memory segment)

.cli_sorted_cmd_ptrs_run
                0x0000000020000000       0x5c load address 0x00000000000068b4
                0x0000000020000000                __cli_sorted_cmd_ptrs_run_start__ = .
                0x0000000020000000                __start_cli_sorted_cmd_ptrs = __cli_sorted_cmd_ptrs_run_start__
                0x000000002000005c                . = MAX ((__cli_sorted_cmd_ptrs_run_start__ + SIZEOF (.cli_sorted_cmd_ptrs)), .)
 *fill*         0x0000000020000000       0x5c 
                0x000000002000005c                __cli_sorted_cmd_ptrs_run_end__ = (__cli_sorted_cmd_ptrs_run_start__ + SIZEOF (.cli_sorted_cmd_ptrs_run))
                0x000000000000005c                __cli_sorted_cmd_ptrs_run_size__ = SIZEOF (.cli_sorted_cmd_ptrs_run)
                0x000000002000005c                __stop_cli_sorted_cmd_ptrs = __cli_sorted_cmd_ptrs_run_end__
                0x000000002000005c                __cli_sorted_cmd_ptrs_run_load_end__ = __cli_sorted_cmd_ptrs_run_end__
                0x0000000000000001                . = ASSERT (((__cli_sorted_cmd_ptrs_run_start__ == __cli_sorted_cmd_ptrs_run_end__) || ((__cli_sorted_cmd_ptrs_run_end__ - __RAM_segment_start__) <= __RAM_segment_size__)), error: .cli_sorted_cmd_ptrs_run is too large to fit in RAM memory segment)
                0x0000000000006910                __log_dynamic_data_load_start__ = ALIGN ((__cli_sorted_cmd_ptrs_load_start__ + SIZEOF (.cli_sorted_cmd_ptrs)), 0x4)

.log_dynamic_data
                0x000000002000005c       0x40 load address 0x0000000000006910
                0x000000002000005c                __log_dynamic_data_start__ = .
 *(SORT_BY_NAME(.log_dynamic_data*))
 .log_dynamic_data_CLOCK
                0x000000002000005c        0x4 Output/Release/Obj/radio_test_pca10100/nrfx_clock.o
                0x000000002000005c                m_nrf_log_CLOCK_logs_data_dynamic
 .log_dynamic_data_PRS
                0x0000000020000060        0x4 Output/Release/Obj/radio_test_pca10100/nrfx_prs.o
                0x0000000020000060                m_nrf_log_PRS_logs_data_dynamic
 .log_dynamic_data_TIMER
                0x0000000020000064        0x4 Output/Release/Obj/radio_test_pca10100/nrfx_timer.o
                0x0000000020000064                m_nrf_log_TIMER_logs_data_dynamic
 .log_dynamic_data_UART
                0x0000000020000068        0x4 Output/Release/Obj/radio_test_pca10100/nrfx_uart.o
                0x0000000020000068                m_nrf_log_UART_logs_data_dynamic
 .log_dynamic_data_UARTE
                0x000000002000006c        0x4 Output/Release/Obj/radio_test_pca10100/nrfx_uarte.o
                0x000000002000006c                m_nrf_log_UARTE_logs_data_dynamic
 .log_dynamic_data_app
                0x0000000020000070        0x4 Output/Release/Obj/radio_test_pca10100/nrf_log_frontend.o
                0x0000000020000070                m_nrf_log_app_logs_data_dynamic
 .log_dynamic_data_app_timer
                0x0000000020000074        0x4 Output/Release/Obj/radio_test_pca10100/app_timer2.o
                0x0000000020000074                m_nrf_log_app_timer_logs_data_dynamic
 .log_dynamic_data_app_timer_m_cli_uart_transport_timer
                0x0000000020000078        0x4 Output/Release/Obj/radio_test_pca10100/main.o
                0x0000000020000078                m_nrf_log_app_timer_m_cli_uart_transport_timer_logs_data_dynamic
 .log_dynamic_data_atfifo_m_req_fifo
                0x000000002000007c        0x4 Output/Release/Obj/radio_test_pca10100/app_timer2.o
                0x000000002000007c                m_nrf_log_atfifo_m_req_fifo_logs_data_dynamic
 .log_dynamic_data_balloc_log_mempool
                0x0000000020000080        0x4 Output/Release/Obj/radio_test_pca10100/nrf_log_frontend.o
                0x0000000020000080                m_nrf_log_balloc_log_mempool_logs_data_dynamic
 .log_dynamic_data_balloc_m_cli_uart_cmd_hist_memobj
                0x0000000020000084        0x4 Output/Release/Obj/radio_test_pca10100/main.o
                0x0000000020000084                m_nrf_log_balloc_m_cli_uart_cmd_hist_memobj_logs_data_dynamic
 .log_dynamic_data_cli_uart
                0x0000000020000088        0x4 Output/Release/Obj/radio_test_pca10100/nrf_cli_uart.o
                0x0000000020000088                m_nrf_log_cli_uart_logs_data_dynamic
 .log_dynamic_data_clock
                0x000000002000008c        0x4 Output/Release/Obj/radio_test_pca10100/nrf_drv_clock.o
                0x000000002000008c                m_nrf_log_clock_logs_data_dynamic
 .log_dynamic_data_pwr_mgmt
                0x0000000020000090        0x4 Output/Release/Obj/radio_test_pca10100/nrf_pwr_mgmt.o
                0x0000000020000090                m_nrf_log_pwr_mgmt_logs_data_dynamic
 .log_dynamic_data_queue_m_cli_uart_log_backend_queue
                0x0000000020000094        0x4 Output/Release/Obj/radio_test_pca10100/main.o
                0x0000000020000094                m_nrf_log_queue_m_cli_uart_log_backend_queue_logs_data_dynamic
 .log_dynamic_data_sortlist
                0x0000000020000098        0x4 Output/Release/Obj/radio_test_pca10100/nrf_sortlist.o
                0x0000000020000098                m_nrf_log_sortlist_logs_data_dynamic
                0x000000002000009c                __log_dynamic_data_end__ = (__log_dynamic_data_start__ + SIZEOF (.log_dynamic_data))
                0x0000000000000040                __log_dynamic_data_size__ = SIZEOF (.log_dynamic_data)
                0x0000000000006950                __log_dynamic_data_load_end__ = (__log_dynamic_data_load_start__ + SIZEOF (.log_dynamic_data))
                0x0000000000000001                . = ASSERT (((__log_dynamic_data_load_start__ == __log_dynamic_data_load_end__) || ((__log_dynamic_data_load_end__ - __FLASH_segment_start__) <= __FLASH_segment_size__)), error: .log_dynamic_data is too large to fit in FLASH memory segment)

.log_dynamic_data_run
                0x000000002000005c       0x40 load address 0x0000000000006910
                0x000000002000005c                __log_dynamic_data_run_start__ = .
                0x000000002000005c                __start_log_dynamic_data = __log_dynamic_data_run_start__
                0x000000002000009c                . = MAX ((__log_dynamic_data_run_start__ + SIZEOF (.log_dynamic_data)), .)
 *fill*         0x000000002000005c       0x40 
                0x000000002000009c                __log_dynamic_data_run_end__ = (__log_dynamic_data_run_start__ + SIZEOF (.log_dynamic_data_run))
                0x0000000000000040                __log_dynamic_data_run_size__ = SIZEOF (.log_dynamic_data_run)
                0x000000002000009c                __stop_log_dynamic_data = __log_dynamic_data_run_end__
                0x000000002000009c                __log_dynamic_data_run_load_end__ = __log_dynamic_data_run_end__
                0x0000000000000001                . = ASSERT (((__log_dynamic_data_run_start__ == __log_dynamic_data_run_end__) || ((__log_dynamic_data_run_end__ - __RAM_segment_start__) <= __RAM_segment_size__)), error: .log_dynamic_data_run is too large to fit in RAM memory segment)
                0x0000000000006950                __log_filter_data_load_start__ = ALIGN ((__log_dynamic_data_load_start__ + SIZEOF (.log_dynamic_data)), 0x4)

.log_filter_data
                0x000000002000009c       0x40 load address 0x0000000000006950
                0x000000002000009c                __log_filter_data_start__ = .
 *(SORT_BY_NAME(.log_filter_data*))
 .log_filter_data_CLOCK
                0x000000002000009c        0x4 Output/Release/Obj/radio_test_pca10100/nrfx_clock.o
                0x000000002000009c                m_nrf_log_CLOCK_logs_data_filter
 .log_filter_data_PRS
                0x00000000200000a0        0x4 Output/Release/Obj/radio_test_pca10100/nrfx_prs.o
                0x00000000200000a0                m_nrf_log_PRS_logs_data_filter
 .log_filter_data_TIMER
                0x00000000200000a4        0x4 Output/Release/Obj/radio_test_pca10100/nrfx_timer.o
                0x00000000200000a4                m_nrf_log_TIMER_logs_data_filter
 .log_filter_data_UART
                0x00000000200000a8        0x4 Output/Release/Obj/radio_test_pca10100/nrfx_uart.o
                0x00000000200000a8                m_nrf_log_UART_logs_data_filter
 .log_filter_data_UARTE
                0x00000000200000ac        0x4 Output/Release/Obj/radio_test_pca10100/nrfx_uarte.o
                0x00000000200000ac                m_nrf_log_UARTE_logs_data_filter
 .log_filter_data_app
                0x00000000200000b0        0x4 Output/Release/Obj/radio_test_pca10100/nrf_log_frontend.o
                0x00000000200000b0                m_nrf_log_app_logs_data_filter
 .log_filter_data_app_timer
                0x00000000200000b4        0x4 Output/Release/Obj/radio_test_pca10100/app_timer2.o
                0x00000000200000b4                m_nrf_log_app_timer_logs_data_filter
 .log_filter_data_app_timer_m_cli_uart_transport_timer
                0x00000000200000b8        0x4 Output/Release/Obj/radio_test_pca10100/main.o
                0x00000000200000b8                m_nrf_log_app_timer_m_cli_uart_transport_timer_logs_data_filter
 .log_filter_data_atfifo_m_req_fifo
                0x00000000200000bc        0x4 Output/Release/Obj/radio_test_pca10100/app_timer2.o
                0x00000000200000bc                m_nrf_log_atfifo_m_req_fifo_logs_data_filter
 .log_filter_data_balloc_log_mempool
                0x00000000200000c0        0x4 Output/Release/Obj/radio_test_pca10100/nrf_log_frontend.o
                0x00000000200000c0                m_nrf_log_balloc_log_mempool_logs_data_filter
 .log_filter_data_balloc_m_cli_uart_cmd_hist_memobj
                0x00000000200000c4        0x4 Output/Release/Obj/radio_test_pca10100/main.o
                0x00000000200000c4                m_nrf_log_balloc_m_cli_uart_cmd_hist_memobj_logs_data_filter
 .log_filter_data_cli_uart
                0x00000000200000c8        0x4 Output/Release/Obj/radio_test_pca10100/nrf_cli_uart.o
                0x00000000200000c8                m_nrf_log_cli_uart_logs_data_filter
 .log_filter_data_clock
                0x00000000200000cc        0x4 Output/Release/Obj/radio_test_pca10100/nrf_drv_clock.o
                0x00000000200000cc                m_nrf_log_clock_logs_data_filter
 .log_filter_data_pwr_mgmt
                0x00000000200000d0        0x4 Output/Release/Obj/radio_test_pca10100/nrf_pwr_mgmt.o
                0x00000000200000d0                m_nrf_log_pwr_mgmt_logs_data_filter
 .log_filter_data_queue_m_cli_uart_log_backend_queue
                0x00000000200000d4        0x4 Output/Release/Obj/radio_test_pca10100/main.o
                0x00000000200000d4                m_nrf_log_queue_m_cli_uart_log_backend_queue_logs_data_filter
 .log_filter_data_sortlist
                0x00000000200000d8        0x4 Output/Release/Obj/radio_test_pca10100/nrf_sortlist.o
                0x00000000200000d8                m_nrf_log_sortlist_logs_data_filter
                0x00000000200000dc                __log_filter_data_end__ = (__log_filter_data_start__ + SIZEOF (.log_filter_data))
                0x0000000000000040                __log_filter_data_size__ = SIZEOF (.log_filter_data)
                0x0000000000006990                __log_filter_data_load_end__ = (__log_filter_data_load_start__ + SIZEOF (.log_filter_data))
                0x0000000000000001                . = ASSERT (((__log_filter_data_load_start__ == __log_filter_data_load_end__) || ((__log_filter_data_load_end__ - __FLASH_segment_start__) <= __FLASH_segment_size__)), error: .log_filter_data is too large to fit in FLASH memory segment)

.log_filter_data_run
                0x000000002000009c       0x40 load address 0x0000000000006950
                0x000000002000009c                __log_filter_data_run_start__ = .
                0x000000002000009c                __start_log_filter_data = __log_filter_data_run_start__
                0x00000000200000dc                . = MAX ((__log_filter_data_run_start__ + SIZEOF (.log_filter_data)), .)
 *fill*         0x000000002000009c       0x40 
                0x00000000200000dc                __log_filter_data_run_end__ = (__log_filter_data_run_start__ + SIZEOF (.log_filter_data_run))
                0x0000000000000040                __log_filter_data_run_size__ = SIZEOF (.log_filter_data_run)
                0x00000000200000dc                __stop_log_filter_data = __log_filter_data_run_end__
                0x00000000200000dc                __log_filter_data_run_load_end__ = __log_filter_data_run_end__
                0x0000000000000001                . = ASSERT (((__log_filter_data_run_start__ == __log_filter_data_run_end__) || ((__log_filter_data_run_end__ - __RAM_segment_start__) <= __RAM_segment_size__)), error: .log_filter_data_run is too large to fit in RAM memory segment)
                0x00000000200000dc                __nrf_sections_run_end_load_start__ = ALIGN (__log_filter_data_run_end__, 0x4)

.nrf_sections_run_end
                0x00000000200000dc        0x0
                0x00000000200000dc                __nrf_sections_run_end_start__ = .
                0x00000000200000dc                __end_nrf_sections_run = __nrf_sections_run_end_start__
 *(.nrf_sections_run_end .nrf_sections_run_end.*)
                0x00000000200000dc                __nrf_sections_run_end_end__ = (__nrf_sections_run_end_start__ + SIZEOF (.nrf_sections_run_end))
                0x0000000000000000                __nrf_sections_run_end_size__ = SIZEOF (.nrf_sections_run_end)
                0x00000000200000dc                __nrf_sections_run_end_load_end__ = __nrf_sections_run_end_end__
                0x0000000000000001                . = ASSERT (((__nrf_sections_run_end_start__ == __nrf_sections_run_end_end__) || ((__nrf_sections_run_end_end__ - __RAM_segment_start__) <= __RAM_segment_size__)), error: .nrf_sections_run_end is too large to fit in RAM memory segment)
                0x0000000000006990                __dtors_load_start__ = ALIGN ((__log_filter_data_load_start__ + SIZEOF (.log_filter_data)), 0x4)

.dtors          0x0000000000006990        0x0
                0x0000000000006990                __dtors_start__ = .
 *(SORT_BY_NAME(.dtors.*))
 *(.dtors)
 *(.fini_array)
 *(SORT_BY_NAME(.fini_array.*))
                0x0000000000006990                __dtors_end__ = (__dtors_start__ + SIZEOF (.dtors))
                0x0000000000000000                __dtors_size__ = SIZEOF (.dtors)
                0x0000000000006990                __dtors_load_end__ = __dtors_end__
                0x0000000000000001                . = ASSERT (((__dtors_start__ == __dtors_end__) || ((__dtors_end__ - __FLASH_segment_start__) <= __FLASH_segment_size__)), error: .dtors is too large to fit in FLASH memory segment)
                0x0000000000006990                __ctors_load_start__ = ALIGN (__dtors_end__, 0x4)

.ctors          0x0000000000006990        0x0
                0x0000000000006990                __ctors_start__ = .
 *(SORT_BY_NAME(.ctors.*))
 *(.ctors)
 *(.init_array)
 *(SORT_BY_NAME(.init_array.*))
                0x0000000000006990                __ctors_end__ = (__ctors_start__ + SIZEOF (.ctors))